Component: ARM Compiler 5.06 (build 20) Tool: armlink [4d35a3]

==============================================================================

Section Cross References

    stm32f0xx_hal_tim_ex.o(i.HAL_TIMEx_ConfigCommutationEvent_DMA) refers to stm32f0xx_hal_tim_ex.o(i.TIMEx_DMACommutationCplt) for TIMEx_DMACommutationCplt
    stm32f0xx_hal_tim_ex.o(i.HAL_TIMEx_ConfigCommutationEvent_DMA) refers to stm32f0xx_hal_tim.o(i.TIM_DMAError) for TIM_DMAError
    stm32f0xx_hal_tim_ex.o(i.HAL_TIMEx_HallSensor_DeInit) refers to stm32f0xx_hal_tim_ex.o(i.HAL_TIMEx_HallSensor_MspDeInit) for HAL_TIMEx_HallSensor_MspDeInit
    stm32f0xx_hal_tim_ex.o(i.HAL_TIMEx_HallSensor_Init) refers to stm32f0xx_hal_tim_ex.o(i.HAL_TIMEx_HallSensor_MspInit) for HAL_TIMEx_HallSensor_MspInit
    stm32f0xx_hal_tim_ex.o(i.HAL_TIMEx_HallSensor_Init) refers to stm32f0xx_hal_tim.o(i.TIM_Base_SetConfig) for TIM_Base_SetConfig
    stm32f0xx_hal_tim_ex.o(i.HAL_TIMEx_HallSensor_Init) refers to stm32f0xx_hal_tim.o(i.TIM_TI1_SetConfig) for TIM_TI1_SetConfig
    stm32f0xx_hal_tim_ex.o(i.HAL_TIMEx_HallSensor_Init) refers to stm32f0xx_hal_tim.o(i.TIM_OC2_SetConfig) for TIM_OC2_SetConfig
    stm32f0xx_hal_tim_ex.o(i.HAL_TIMEx_HallSensor_Start) refers to stm32f0xx_hal_tim.o(i.TIM_CCxChannelCmd) for TIM_CCxChannelCmd
    stm32f0xx_hal_tim_ex.o(i.HAL_TIMEx_HallSensor_Start_DMA) refers to stm32f0xx_hal_tim.o(i.TIM_CCxChannelCmd) for TIM_CCxChannelCmd
    stm32f0xx_hal_tim_ex.o(i.HAL_TIMEx_HallSensor_Start_DMA) refers to stm32f0xx_hal_dma.o(i.HAL_DMA_Start_IT) for HAL_DMA_Start_IT
    stm32f0xx_hal_tim_ex.o(i.HAL_TIMEx_HallSensor_Start_DMA) refers to stm32f0xx_hal_tim.o(i.TIM_DMACaptureCplt) for TIM_DMACaptureCplt
    stm32f0xx_hal_tim_ex.o(i.HAL_TIMEx_HallSensor_Start_DMA) refers to stm32f0xx_hal_tim.o(i.TIM_DMAError) for TIM_DMAError
    stm32f0xx_hal_tim_ex.o(i.HAL_TIMEx_HallSensor_Start_IT) refers to stm32f0xx_hal_tim.o(i.TIM_CCxChannelCmd) for TIM_CCxChannelCmd
    stm32f0xx_hal_tim_ex.o(i.HAL_TIMEx_HallSensor_Stop) refers to stm32f0xx_hal_tim.o(i.TIM_CCxChannelCmd) for TIM_CCxChannelCmd
    stm32f0xx_hal_tim_ex.o(i.HAL_TIMEx_HallSensor_Stop_DMA) refers to stm32f0xx_hal_tim.o(i.TIM_CCxChannelCmd) for TIM_CCxChannelCmd
    stm32f0xx_hal_tim_ex.o(i.HAL_TIMEx_HallSensor_Stop_IT) refers to stm32f0xx_hal_tim.o(i.TIM_CCxChannelCmd) for TIM_CCxChannelCmd
    stm32f0xx_hal_tim_ex.o(i.HAL_TIMEx_OCN_Start) refers to stm32f0xx_hal_tim_ex.o(i.TIM_CCxNChannelCmd) for TIM_CCxNChannelCmd
    stm32f0xx_hal_tim_ex.o(i.HAL_TIMEx_OCN_Start_DMA) refers to stm32f0xx_hal_dma.o(i.HAL_DMA_Start_IT) for HAL_DMA_Start_IT
    stm32f0xx_hal_tim_ex.o(i.HAL_TIMEx_OCN_Start_DMA) refers to stm32f0xx_hal_tim_ex.o(i.TIM_CCxNChannelCmd) for TIM_CCxNChannelCmd
    stm32f0xx_hal_tim_ex.o(i.HAL_TIMEx_OCN_Start_DMA) refers to stm32f0xx_hal_tim.o(i.TIM_DMADelayPulseCplt) for TIM_DMADelayPulseCplt
    stm32f0xx_hal_tim_ex.o(i.HAL_TIMEx_OCN_Start_DMA) refers to stm32f0xx_hal_tim.o(i.TIM_DMAError) for TIM_DMAError
    stm32f0xx_hal_tim_ex.o(i.HAL_TIMEx_OCN_Start_IT) refers to stm32f0xx_hal_tim_ex.o(i.TIM_CCxNChannelCmd) for TIM_CCxNChannelCmd
    stm32f0xx_hal_tim_ex.o(i.HAL_TIMEx_OCN_Stop) refers to stm32f0xx_hal_tim_ex.o(i.TIM_CCxNChannelCmd) for TIM_CCxNChannelCmd
    stm32f0xx_hal_tim_ex.o(i.HAL_TIMEx_OCN_Stop_DMA) refers to stm32f0xx_hal_tim_ex.o(i.TIM_CCxNChannelCmd) for TIM_CCxNChannelCmd
    stm32f0xx_hal_tim_ex.o(i.HAL_TIMEx_OCN_Stop_IT) refers to stm32f0xx_hal_tim_ex.o(i.TIM_CCxNChannelCmd) for TIM_CCxNChannelCmd
    stm32f0xx_hal_tim_ex.o(i.HAL_TIMEx_OnePulseN_Start) refers to stm32f0xx_hal_tim_ex.o(i.TIM_CCxNChannelCmd) for TIM_CCxNChannelCmd
    stm32f0xx_hal_tim_ex.o(i.HAL_TIMEx_OnePulseN_Start_IT) refers to stm32f0xx_hal_tim_ex.o(i.TIM_CCxNChannelCmd) for TIM_CCxNChannelCmd
    stm32f0xx_hal_tim_ex.o(i.HAL_TIMEx_OnePulseN_Stop) refers to stm32f0xx_hal_tim_ex.o(i.TIM_CCxNChannelCmd) for TIM_CCxNChannelCmd
    stm32f0xx_hal_tim_ex.o(i.HAL_TIMEx_OnePulseN_Stop_IT) refers to stm32f0xx_hal_tim_ex.o(i.TIM_CCxNChannelCmd) for TIM_CCxNChannelCmd
    stm32f0xx_hal_tim_ex.o(i.HAL_TIMEx_PWMN_Start) refers to stm32f0xx_hal_tim_ex.o(i.TIM_CCxNChannelCmd) for TIM_CCxNChannelCmd
    stm32f0xx_hal_tim_ex.o(i.HAL_TIMEx_PWMN_Start_DMA) refers to stm32f0xx_hal_dma.o(i.HAL_DMA_Start_IT) for HAL_DMA_Start_IT
    stm32f0xx_hal_tim_ex.o(i.HAL_TIMEx_PWMN_Start_DMA) refers to stm32f0xx_hal_tim_ex.o(i.TIM_CCxNChannelCmd) for TIM_CCxNChannelCmd
    stm32f0xx_hal_tim_ex.o(i.HAL_TIMEx_PWMN_Start_DMA) refers to stm32f0xx_hal_tim.o(i.TIM_DMADelayPulseCplt) for TIM_DMADelayPulseCplt
    stm32f0xx_hal_tim_ex.o(i.HAL_TIMEx_PWMN_Start_DMA) refers to stm32f0xx_hal_tim.o(i.TIM_DMAError) for TIM_DMAError
    stm32f0xx_hal_tim_ex.o(i.HAL_TIMEx_PWMN_Start_IT) refers to stm32f0xx_hal_tim_ex.o(i.TIM_CCxNChannelCmd) for TIM_CCxNChannelCmd
    stm32f0xx_hal_tim_ex.o(i.HAL_TIMEx_PWMN_Stop) refers to stm32f0xx_hal_tim_ex.o(i.TIM_CCxNChannelCmd) for TIM_CCxNChannelCmd
[...]
    Removing stm32f0xx_hal_pwr.o(i.HAL_PWR_EnableSEVOnPend), (16 bytes).
    Removing stm32f0xx_hal_pwr.o(i.HAL_PWR_EnableSleepOnExit), (16 bytes).
    Removing stm32f0xx_hal_pwr.o(i.HAL_PWR_EnableWakeUpPin), (20 bytes).
    Removing stm32f0xx_hal_pwr.o(i.HAL_PWR_EnterSLEEPMode), (32 bytes).
    Removing stm32f0xx_hal_pwr.o(i.HAL_PWR_EnterSTANDBYMode), (32 bytes).
    Removing stm32f0xx_hal_pwr.o(i.HAL_PWR_EnterSTOPMode), (52 bytes).
    Removing stm32f0xx_hal_flash.o(.rev16_text), (4 bytes).
    Removing stm32f0xx_hal_flash.o(.revsh_text), (4 bytes).
    Removing stm32f0xx_hal_flash.o(i.HAL_FLASH_EndOfOperationCallback), (2 bytes).
    Removing stm32f0xx_hal_flash.o(i.HAL_FLASH_GetError), (12 bytes).
    Removing stm32f0xx_hal_flash.o(i.HAL_FLASH_IRQHandler), (264 bytes).
    Removing stm32f0xx_hal_flash.o(i.HAL_FLASH_OB_Launch), (32 bytes).
    Removing stm32f0xx_hal_flash.o(i.HAL_FLASH_OB_Lock), (20 bytes).
    Removing stm32f0xx_hal_flash.o(i.HAL_FLASH_OB_Unlock), (36 bytes).
    Removing stm32f0xx_hal_flash.o(i.HAL_FLASH_OperationErrorCallback), (2 bytes).
    Removing stm32f0xx_hal_flash.o(i.HAL_FLASH_Program_IT), (100 bytes).
    Removing stm32f0xx_hal_tim.o(.rev16_text), (4 bytes).
    Removing stm32f0xx_hal_tim.o(.revsh_text), (4 bytes).
    Removing stm32f0xx_hal_tim.o(i.HAL_TIM_Base_DeInit), (52 bytes).
    Removing stm32f0xx_hal_tim.o(i.HAL_TIM_Base_GetState), (6 bytes).
    Removing stm32f0xx_hal_tim.o(i.HAL_TIM_Base_MspDeInit), (2 bytes).
    Removing stm32f0xx_hal_tim.o(i.HAL_TIM_Base_MspInit), (2 bytes).
    Removing stm32f0xx_hal_tim.o(i.HAL_TIM_Base_Start), (24 bytes).
    Removing stm32f0xx_hal_tim.o(i.HAL_TIM_Base_Start_DMA), (100 bytes).
    Removing stm32f0xx_hal_tim.o(i.HAL_TIM_Base_Start_IT), (22 bytes).
    Removing stm32f0xx_hal_tim.o(i.HAL_TIM_Base_Stop), (48 bytes).
    Removing stm32f0xx_hal_tim.o(i.HAL_TIM_Base_Stop_DMA), (52 bytes).
    Removing stm32f0xx_hal_tim.o(i.HAL_TIM_Base_Stop_IT), (44 bytes).
    Removing stm32f0xx_hal_tim.o(i.HAL_TIM_ConfigOCrefClear), (188 bytes).
    Removing stm32f0xx_hal_tim.o(i.HAL_TIM_ConfigTI1Input), (16 bytes).
    Removing stm32f0xx_hal_tim.o(i.HAL_TIM_DMABurst_ReadStart), (268 bytes).
    Removing stm32f0xx_hal_tim.o(i.HAL_TIM_DMABurst_ReadStop), (100 bytes).
    Removing stm32f0xx_hal_tim.o(i.HAL_TIM_DMABurst_WriteStart), (268 bytes).
    Removing stm32f0xx_hal_tim.o(i.HAL_TIM_DMABurst_WriteStop), (100 bytes).
    Removing stm32f0xx_hal_tim.o(i.HAL_TIM_Encoder_DeInit), (52 bytes).
    Removing stm32f0xx_hal_tim.o(i.HAL_TIM_Encoder_GetState), (6 bytes).
    Removing stm32f0xx_hal_tim.o(i.HAL_TIM_Encoder_Init), (152 bytes).
    Removing stm32f0xx_hal_tim.o(i.HAL_TIM_Encoder_MspDeInit), (2 bytes).
    Removing stm32f0xx_hal_tim.o(i.HAL_TIM_Encoder_MspInit), (2 bytes).
    Removing stm32f0xx_hal_tim.o(i.HAL_TIM_Encoder_Start), (52 bytes).
    Removing stm32f0xx_hal_tim.o(i.HAL_TIM_Encoder_Start_DMA), (284 bytes).
    Removing stm32f0xx_hal_tim.o(i.HAL_TIM_Encoder_Start_IT), (92 bytes).
    Removing stm32f0xx_hal_tim.o(i.HAL_TIM_Encoder_Stop), (72 bytes).
    Removing stm32f0xx_hal_tim.o(i.HAL_TIM_Encoder_Stop_DMA), (120 bytes).
    Removing stm32f0xx_hal_tim.o(i.HAL_TIM_Encoder_Stop_IT), (120 bytes).
    Removing stm32f0xx_hal_tim.o(i.HAL_TIM_ErrorCallback), (2 bytes).
    Removing stm32f0xx_hal_tim.o(i.HAL_TIM_GenerateEvent), (36 bytes).
    Removing stm32f0xx_hal_tim.o(i.HAL_TIM_IC_CaptureCallback), (2 bytes).
    Removing stm32f0xx_hal_tim.o(i.HAL_TIM_IC_ConfigChannel), (288 bytes).
    Removing stm32f0xx_hal_tim.o(i.HAL_TIM_IC_DeInit), (52 bytes).
    Removing stm32f0xx_hal_tim.o(i.HAL_TIM_IC_GetState), (6 bytes).
    Removing stm32f0xx_hal_tim.o(i.HAL_TIM_IC_Init), (52 bytes).
    Removing stm32f0xx_hal_tim.o(i.HAL_TIM_IC_MspDeInit), (2 bytes).
    Removing stm32f0xx_hal_tim.o(i.HAL_TIM_IC_MspInit), (2 bytes).
    Removing stm32f0xx_hal_tim.o(i.HAL_TIM_IC_Start), (26 bytes).
    Removing stm32f0xx_hal_tim.o(i.HAL_TIM_IC_Start_DMA), (212 bytes).
    Removing stm32f0xx_hal_tim.o(i.HAL_TIM_IC_Start_IT), (72 bytes).
    Removing stm32f0xx_hal_tim.o(i.HAL_TIM_IC_Stop), (48 bytes).
    Removing stm32f0xx_hal_tim.o(i.HAL_TIM_IC_Stop_DMA), (108 bytes).
    Removing stm32f0xx_hal_tim.o(i.HAL_TIM_IC_Stop_IT), (92 bytes).
    Removing stm32f0xx_hal_tim.o(i.HAL_TIM_IRQHandler), (354 bytes).
    Removing stm32f0xx_hal_tim.o(i.HAL_TIM_OC_ConfigChannel), (80 bytes).
    Removing stm32f0xx_hal_tim.o(i.HAL_TIM_OC_DeInit), (52 bytes).
    Removing stm32f0xx_hal_tim.o(i.HAL_TIM_OC_DelayElapsedCallback), (2 bytes).
    Removing stm32f0xx_hal_tim.o(i.HAL_TIM_OC_GetState), (6 bytes).
    Removing stm32f0xx_hal_tim.o(i.HAL_TIM_OC_Init), (52 bytes).
    Removing stm32f0xx_hal_tim.o(i.HAL_TIM_OC_MspDeInit), (2 bytes).
    Removing stm32f0xx_hal_tim.o(i.HAL_TIM_OC_MspInit), (2 bytes).
    Removing stm32f0xx_hal_tim.o(i.HAL_TIM_OC_Start), (68 bytes).
    Removing stm32f0xx_hal_tim.o(i.HAL_TIM_OC_Start_DMA), (264 bytes).
    Removing stm32f0xx_hal_tim.o(i.HAL_TIM_OC_Start_IT), (116 bytes).
    Removing stm32f0xx_hal_tim.o(i.HAL_TIM_OC_Stop), (100 bytes).
    Removing stm32f0xx_hal_tim.o(i.HAL_TIM_OC_Stop_DMA), (160 bytes).
    Removing stm32f0xx_hal_tim.o(i.HAL_TIM_OC_Stop_IT), (148 bytes).
    Removing stm32f0xx_hal_tim.o(i.HAL_TIM_OnePulse_ConfigChannel), (214 bytes).
    Removing stm32f0xx_hal_tim.o(i.HAL_TIM_OnePulse_DeInit), (52 bytes).
    Removing stm32f0xx_hal_tim.o(i.HAL_TIM_OnePulse_GetState), (6 bytes).
    Removing stm32f0xx_hal_tim.o(i.HAL_TIM_OnePulse_Init), (72 bytes).
    Removing stm32f0xx_hal_tim.o(i.HAL_TIM_OnePulse_MspDeInit), (2 bytes).
    Removing stm32f0xx_hal_tim.o(i.HAL_TIM_OnePulse_MspInit), (2 bytes).
    Removing stm32f0xx_hal_tim.o(i.HAL_TIM_OnePulse_Start), (72 bytes).
    Removing stm32f0xx_hal_tim.o(i.HAL_TIM_OnePulse_Start_IT), (92 bytes).
    Removing stm32f0xx_hal_tim.o(i.HAL_TIM_OnePulse_Stop), (112 bytes).
    Removing stm32f0xx_hal_tim.o(i.HAL_TIM_OnePulse_Stop_IT), (132 bytes).
    Removing stm32f0xx_hal_tim.o(i.HAL_TIM_PWM_DeInit), (52 bytes).
    Removing stm32f0xx_hal_tim.o(i.HAL_TIM_PWM_GetState), (6 bytes).
    Removing stm32f0xx_hal_tim.o(i.HAL_TIM_PWM_MspDeInit), (2 bytes).
    Removing stm32f0xx_hal_tim.o(i.HAL_TIM_PWM_PulseFinishedCallback), (2 bytes).
    Removing stm32f0xx_hal_tim.o(i.HAL_TIM_PWM_Start_DMA), (264 bytes).
    Removing stm32f0xx_hal_tim.o(i.HAL_TIM_PWM_Start_IT), (116 bytes).
    Removing stm32f0xx_hal_tim.o(i.HAL_TIM_PWM_Stop_DMA), (160 bytes).
    Removing stm32f0xx_hal_tim.o(i.HAL_TIM_PWM_Stop_IT), (148 bytes).
    Removing stm32f0xx_hal_tim.o(i.HAL_TIM_PeriodElapsedCallback), (2 bytes).
    Removing stm32f0xx_hal_tim.o(i.HAL_TIM_ReadCapturedValue), (70 bytes).
    Removing stm32f0xx_hal_tim.o(i.HAL_TIM_SlaveConfigSynchronization), (60 bytes).
    Removing stm32f0xx_hal_tim.o(i.HAL_TIM_SlaveConfigSynchronization_IT), (60 bytes).
    Removing stm32f0xx_hal_tim.o(i.HAL_TIM_TriggerCallback), (2 bytes).
    Removing stm32f0xx_hal_tim.o(i.TIM_DMACaptureCplt), (62 bytes).
    Removing stm32f0xx_hal_tim.o(i.TIM_DMADelayPulseCplt), (62 bytes).
    Removing stm32f0xx_hal_tim.o(i.TIM_DMAError), (16 bytes).
    Removing stm32f0xx_hal_tim.o(i.TIM_DMAPeriodElapsedCplt), (16 bytes).
    Removing stm32f0xx_hal_tim.o(i.TIM_DMATriggerCplt), (16 bytes).
    Removing stm32f0xx_hal_tim.o(i.TIM_SlaveTimer_SetConfig), (122 bytes).
    Removing stm32f0xx_hal_tim.o(i.TIM_TI1_SetConfig), (68 bytes).
    Removing stm32f0xx_hal_tim.o(i.TIM_TI2_SetConfig), (52 bytes).
    Removing system_stm32f0xx.o(.rev16_text), (4 bytes).
    Removing system_stm32f0xx.o(.revsh_text), (4 bytes).
    Removing system_stm32f0xx.o(i.SystemCoreClockUpdate), (108 bytes).
    Removing system_stm32f0xx.o(.constdata), (16 bytes).
    Removing dma.o(.rev16_text), (4 bytes).
    Removing dma.o(.revsh_text), (4 bytes).
    Removing stm32f0xx_it.o(.rev16_text), (4 bytes).
    Removing stm32f0xx_it.o(.revsh_text), (4 bytes).
    Removing iwdg.o(.rev16_text), (4 bytes).
    Removing iwdg.o(.revsh_text), (4 bytes).
    Removing usart.o(.rev16_text), (4 bytes).
    Removing usart.o(.revsh_text), (4 bytes).
    Removing usart.o(i.ErrorReset), (12 bytes).
    Removing usart.o(i.HAL_UART_MspDeInit), (64 bytes).
    Removing adc.o(.rev16_text), (4 bytes).
    Removing adc.o(.revsh_text), (4 bytes).
    Removing adc.o(i.HAL_ADC_MspDeInit), (48 bytes).
    Removing stm32f0xx_hal_msp.o(.rev16_text), (4 bytes).
    Removing stm32f0xx_hal_msp.o(.revsh_text), (4 bytes).
    Removing main.o(.rev16_text), (4 bytes).
    Removing main.o(.revsh_text), (4 bytes).
    Removing gpio.o(.rev16_text), (4 bytes).
    Removing gpio.o(.revsh_text), (4 bytes).
    Removing gpio.o(i.SetFan), (12 bytes).
    Removing gpio.o(i.fan_control), (56 bytes).
    Removing tim.o(.rev16_text), (4 bytes).
    Removing tim.o(.revsh_text), (4 bytes).
    Removing tim.o(i.HAL_TIM_Base_MspDeInit), (76 bytes).
    Removing heater.o(.rev16_text), (4 bytes).
    Removing heater.o(.revsh_text), (4 bytes).
    Removing event.o(.rev16_text), (4 bytes).
    Removing event.o(.revsh_text), (4 bytes).
    Removing flash.o(.rev16_text), (4 bytes).
    Removing flash.o(.revsh_text), (4 bytes).
    Removing startup_stm32f030x6.o(HEAP), (512 bytes).

356 unused section(s) (total 25284 bytes) removed from the image.

==============================================================================

Image Symbol Table

    Local Symbols

    Symbol Name                              Value     Ov Type        Size  Object(Section)

    ../Drivers/CMSIS/Device/ST/STM32F0xx/Source/Templates/system_stm32f0xx.c 0x00000000   Number         0  system_stm32f0xx.o ABSOLUTE
    ../Drivers/STM32F0xx_HAL_Driver/Src/stm32f0xx_hal.c 0x00000000   Number         0  stm32f0xx_hal.o ABSOLUTE
    ../Drivers/STM32F0xx_HAL_Driver/Src/stm32f0xx_hal_adc.c 0x00000000   Number         0  stm32f0xx_hal_adc.o ABSOLUTE
    ../Drivers/STM32F0xx_HAL_Driver/Src/stm32f0xx_hal_adc_ex.c 0x00000000   Number         0  stm32f0xx_hal_adc_ex.o ABSOLUTE
    ../Drivers/STM32F0xx_HAL_Driver/Src/stm32f0xx_hal_cortex.c 0x00000000   Number         0  stm32f0xx_hal_cortex.o ABSOLUTE
    ../Drivers/STM32F0xx_HAL_Driver/Src/stm32f0xx_hal_dma.c 0x00000000   Number         0  stm32f0xx_hal_dma.o ABSOLUTE
    ../Drivers/STM32F0xx_HAL_Driver/Src/stm32f0xx_hal_flash.c 0x00000000   Number         0  stm32f0xx_hal_flash.o ABSOLUTE
    ../Drivers/STM32F0xx_HAL_Driver/Src/stm32f0xx_hal_flash_ex.c 0x00000000   Number         0  stm32f0xx_hal_flash_ex.o ABSOLUTE
    ../Drivers/STM32F0xx_HAL_Driver/Src/stm32f0xx_hal_gpio.c 0x00000000   Number         0  stm32f0xx_hal_gpio.o ABSOLUTE
    ../Drivers/STM32F0xx_HAL_Driver/Src/stm32f0xx_hal_i2c.c 0x00000000   Number         0  stm32f0xx_hal_i2c.o ABSOLUTE
    ../Drivers/STM32F0xx_HAL_Driver/Src/stm32f0xx_hal_i2c_ex.c 0x00000000   Number         0  stm32f0xx_hal_i2c_ex.o ABSOLUTE
    ../Drivers/STM32F0xx_HAL_Driver/Src/stm32f0xx_hal_iwdg.c 0x00000000   Number         0  stm32f0xx_hal_iwdg.o ABSOLUTE
    ../Drivers/STM32F0xx_HAL_Driver/Src/stm32f0xx_hal_pwr.c 0x00000000   Number         0  stm32f0xx_hal_pwr.o ABSOLUTE
    ../Drivers/STM32F0xx_HAL_Driver/Src/stm32f0xx_hal_pwr_ex.c 0x00000000   Number         0  stm32f0xx_hal_pwr_ex.o ABSOLUTE
    ../Drivers/STM32F0xx_HAL_Driver/Src/stm32f0xx_hal_rcc.c 0x00000000   Number         0  stm32f0xx_hal_rcc.o ABSOLUTE
    ../Drivers/STM32F0xx_HAL_Driver/Src/stm32f0xx_hal_rcc_ex.c 0x00000000   Number         0  stm32f0xx_hal_rcc_ex.o ABSOLUTE
    ../Drivers/STM32F0xx_HAL_Driver/Src/stm32f0xx_hal_tim.c 0x00000000   Number         0  stm32f0xx_hal_tim.o ABSOLUTE
    ../Drivers/STM32F0xx_HAL_Driver/Src/stm32f0xx_hal_tim_ex.c 0x00000000   Number         0  stm32f0xx_hal_tim_ex.o ABSOLUTE
    ../Drivers/STM32F0xx_HAL_Driver/Src/stm32f0xx_hal_uart.c 0x00000000   Number         0  stm32f0xx_hal_uart.o ABSOLUTE
    ../Drivers/STM32F0xx_HAL_Driver/Src/stm32f0xx_hal_uart_ex.c 0x00000000   Number         0  stm32f0xx_hal_uart_ex.o ABSOLUTE
    ../Src/adc.c                             0x00000000   Number         0  adc.o ABSOLUTE
    ../Src/dma.c                             0x00000000   Number         0  dma.o ABSOLUTE
    ../Src/gpio.c                            0x00000000   Number         0  gpio.o ABSOLUTE
    ../Src/iwdg.c                            0x00000000   Number         0  iwdg.o ABSOLUTE
    ../Src/main.c                            0x00000000   Number         0  main.o ABSOLUTE
    ../Src/stm32f0xx_hal_msp.c               0x00000000   Number         0  stm32f0xx_hal_msp.o ABSOLUTE
    ../Src/stm32f0xx_it.c                    0x00000000   Number         0  stm32f0xx_it.o ABSOLUTE
    ../Src/tim.c                             0x00000000   Number         0  tim.o ABSOLUTE
    ../Src/usart.c                           0x00000000   Number         0  usart.o ABSOLUTE
    ../clib/microlib/division.c              0x00000000   Number         0  idiv.o ABSOLUTE
    ../clib/microlib/division.c              0x00000000   Number         0  uidiv.o ABSOLUTE
    ../clib/microlib/init/entry.s            0x00000000   Number         0  entry7b.o ABSOLUTE
    ../clib/microlib/init/entry.s            0x00000000   Number         0  entry8a.o ABSOLUTE
    ../clib/microlib/init/entry.s            0x00000000   Number         0  entry8b.o ABSOLUTE
    ../clib/microlib/init/entry.s            0x00000000   Number         0  entry9a.o ABSOLUTE
    ../clib/microlib/init/entry.s            0x00000000   Number         0  entry5.o ABSOLUTE
    ../clib/microlib/init/entry.s            0x00000000   Number         0  entry9b.o ABSOLUTE
    ../clib/microlib/init/entry.s            0x00000000   Number         0  entry7a.o ABSOLUTE
    ../clib/microlib/init/entry.s            0x00000000   Number         0  entry2.o ABSOLUTE
    ../clib/microlib/init/entry.s            0x00000000   Number         0  entry10b.o ABSOLUTE
    ../clib/microlib/init/entry.s            0x00000000   Number         0  entry11a.o ABSOLUTE
    ../clib/microlib/init/entry.s            0x00000000   Number         0  entry11b.o ABSOLUTE
    ../clib/microlib/init/entry.s            0x00000000   Number         0  entry10a.o ABSOLUTE
    ../clib/microlib/init/entry.s            0x00000000   Number         0  entry.o ABSOLUTE
    ../clib/microlib/longlong.c              0x00000000   Number         0  llushr.o ABSOLUTE
    ../clib/microlib/string/memset.c         0x00000000   Number         0  memseta.o ABSOLUTE
    ..\Drivers\CMSIS\Device\ST\STM32F0xx\Source\Templates\system_stm32f0xx.c 0x00000000   Number         0  system_stm32f0xx.o ABSOLUTE
    ..\Drivers\STM32F0xx_HAL_Driver\Src\stm32f0xx_hal.c 0x00000000   Number         0  stm32f0xx_hal.o ABSOLUTE
    ..\Drivers\STM32F0xx_HAL_Driver\Src\stm32f0xx_hal_adc.c 0x00000000   Number         0  stm32f0xx_hal_adc.o ABSOLUTE
    ..\Drivers\STM32F0xx_HAL_Driver\Src\stm32f0xx_hal_adc_ex.c 0x00000000   Number         0  stm32f0xx_hal_adc_ex.o ABSOLUTE
    ..\Drivers\STM32F0xx_HAL_Driver\Src\stm32f0xx_hal_cortex.c 0x00000000   Number         0  stm32f0xx_hal_cortex.o ABSOLUTE
    ..\Drivers\STM32F0xx_HAL_Driver\Src\stm32f0xx_hal_dma.c 0x00000000   Number         0  stm32f0xx_hal_dma.o ABSOLUTE
    ..\Drivers\STM32F0xx_HAL_Driver\Src\stm32f0xx_hal_flash.c 0x00000000   Number         0  stm32f0xx_hal_flash.o ABSOLUTE
    ..\Drivers\STM32F0xx_HAL_Driver\Src\stm32f0xx_hal_flash_ex.c 0x00000000   Number         0  stm32f0xx_hal_flash_ex.o ABSOLUTE
    ..\Drivers\STM32F0xx_HAL_Driver\Src\stm32f0xx_hal_gpio.c 0x00000000   Number         0  stm32f0xx_hal_gpio.o ABSOLUTE
    ..\Drivers\STM32F0xx_HAL_Driver\Src\stm32f0xx_hal_i2c.c 0x00000000   Number         0  stm32f0xx_hal_i2c.o ABSOLUTE
    ..\Drivers\STM32F0xx_HAL_Driver\Src\stm32f0xx_hal_i2c_ex.c 0x00000000   Number         0  stm32f0xx_hal_i2c_ex.o ABSOLUTE
    ..\Drivers\STM32F0xx_HAL_Driver\Src\stm32f0xx_hal_iwdg.c 0x00000000   Number         0  stm32f0xx_hal_iwdg.o ABSOLUTE
    ..\Drivers\STM32F0xx_HAL_Driver\Src\stm32f0xx_hal_pwr.c 0x00000000   Number         0  stm32f0xx_hal_pwr.o ABSOLUTE
    ..\Drivers\STM32F0xx_HAL_Driver\Src\stm32f0xx_hal_pwr_ex.c 0x00000000   Number         0  stm32f0xx_hal_pwr_ex.o ABSOLUTE
    ..\Drivers\STM32F0xx_HAL_Driver\Src\stm32f0xx_hal_rcc.c 0x00000000   Number         0  stm32f0xx_hal_rcc.o ABSOLUTE
    ..\Drivers\STM32F0xx_HAL_Driver\Src\stm32f0xx_hal_rcc_ex.c 0x00000000   Number         0  stm32f0xx_hal_rcc_ex.o ABSOLUTE
    ..\Drivers\STM32F0xx_HAL_Driver\Src\stm32f0xx_hal_tim.c 0x00000000   Number         0  stm32f0xx_hal_tim.o ABSOLUTE
    ..\Drivers\STM32F0xx_HAL_Driver\Src\stm32f0xx_hal_tim_ex.c 0x00000000   Number         0  stm32f0xx_hal_tim_ex.o ABSOLUTE
    ..\Drivers\STM32F0xx_HAL_Driver\Src\stm32f0xx_hal_uart.c 0x00000000   Number         0  stm32f0xx_hal_uart.o ABSOLUTE
    ..\Drivers\STM32F0xx_HAL_Driver\Src\stm32f0xx_hal_uart_ex.c 0x00000000   Number         0  stm32f0xx_hal_uart_ex.o ABSOLUTE
    ..\Src\adc.c                             0x00000000   Number         0  adc.o ABSOLUTE
    ..\Src\dma.c                             0x00000000   Number         0  dma.o ABSOLUTE
    ..\Src\event.c                           0x00000000   Number         0  event.o ABSOLUTE
    ..\Src\flash.c                           0x00000000   Number         0  flash.o ABSOLUTE
    ..\Src\global_variable.c                 0x00000000   Number         0  global_variable.o ABSOLUTE
    ..\Src\gpio.c                            0x00000000   Number         0  gpio.o ABSOLUTE
    ..\Src\heater.c                          0x00000000   Number         0  heater.o ABSOLUTE
    ..\Src\iwdg.c                            0x00000000   Number         0  iwdg.o ABSOLUTE
    ..\Src\main.c                            0x00000000   Number         0  main.o ABSOLUTE
    ..\Src\stm32f0xx_hal_msp.c               0x00000000   Number         0  stm32f0xx_hal_msp.o ABSOLUTE
    ..\Src\stm32f0xx_it.c                    0x00000000   Number         0  stm32f0xx_it.o ABSOLUTE
    ..\Src\tim.c                             0x00000000   Number         0  tim.o ABSOLUTE
    ..\Src\usart.c                           0x00000000   Number         0  usart.o ABSOLUTE
    ..\\Src\\event.c                         0x00000000   Number         0  event.o ABSOLUTE
    ..\\Src\\flash.c                         0x00000000   Number         0  flash.o ABSOLUTE
    ..\\Src\\heater.c                        0x00000000   Number         0  heater.o ABSOLUTE
    dc.s                                     0x00000000   Number         0  dc.o ABSOLUTE
    handlers.s                               0x00000000   Number         0  handlers.o ABSOLUTE
    init.s                                   0x00000000   Number         0  init.o ABSOLUTE
    startup_stm32f030x6.s                    0x00000000   Number         0  startup_stm32f030x6.o ABSOLUTE
    RESET                                    0x08000000   Section      176  startup_stm32f030x6.o(RESET)
    .ARM.Collect$$$$00000000                 0x080000b0   Section        0  entry.o(.ARM.Collect$$$$00000000)
    .ARM.Collect$$$$00000001                 0x080000b0   Section        4  entry2.o(.ARM.Collect$$$$00000001)
    .ARM.Collect$$$$00000004                 0x080000b4   Section        4  entry5.o(.ARM.Collect$$$$00000004)
    .ARM.Collect$$$$00000008                 0x080000b8   Section        0  entry7b.o(.ARM.Collect$$$$00000008)
    .ARM.Collect$$$$0000000A                 0x080000b8   Section        0  entry8b.o(.ARM.Collect$$$$0000000A)
    .ARM.Collect$$$$0000000B                 0x080000b8   Section        8  entry9a.o(.ARM.Collect$$$$0000000B)
    .ARM.Collect$$$$0000000D                 0x080000c0   Section        0  entry10a.o(.ARM.Collect$$$$0000000D)
    .ARM.Collect$$$$0000000F                 0x080000c0   Section        0  entry11a.o(.ARM.Collect$$$$0000000F)
    .ARM.Collect$$$$00002712                 0x080000c0   Section        4  entry2.o(.ARM.Collect$$$$00002712)
    __lit__00000000                          0x080000c0   Data           4  entry2.o(.ARM.Collect$$$$00002712)
    .text                                    0x080000c4   Section       28  startup_stm32f030x6.o(.text)
    .text                                    0x080000e0   Section        0  uidiv.o(.text)
    .text                                    0x0800010c   Section        0  idiv.o(.text)
    .text                                    0x08000134   Section        0  llushr.o(.text)
    .text                                    0x08000158   Section       36  init.o(.text)
    i.ADC_DMAConvCplt                        0x0800017c   Section        0  stm32f0xx_hal_adc.o(i.ADC_DMAConvCplt)
    ADC_DMAConvCplt                          0x0800017d   Thumb Code   108  stm32f0xx_hal_adc.o(i.ADC_DMAConvCplt)
    i.ADC_DMAError                           0x080001e8   Section        0  stm32f0xx_hal_adc.o(i.ADC_DMAError)
    ADC_DMAError                             0x080001e9   Thumb Code    26  stm32f0xx_hal_adc.o(i.ADC_DMAError)
    i.ADC_DMAHalfConvCplt                    0x08000202   Section        0  stm32f0xx_hal_adc.o(i.ADC_DMAHalfConvCplt)
    ADC_DMAHalfConvCplt                      0x08000203   Thumb Code    10  stm32f0xx_hal_adc.o(i.ADC_DMAHalfConvCplt)
    i.ADC_Enable                             0x0800020c   Section        0  stm32f0xx_hal_adc.o(i.ADC_Enable)
    ADC_Enable                               0x0800020d   Thumb Code   120  stm32f0xx_hal_adc.o(i.ADC_Enable)
    i.DMA1_Channel1_IRQHandler               0x08000290   Section        0  stm32f0xx_it.o(i.DMA1_Channel1_IRQHandler)
    i.DMA1_Channel2_3_IRQHandler             0x080002a0   Section        0  stm32f0xx_it.o(i.DMA1_Channel2_3_IRQHandler)
    i.DMA_SetConfig                          0x080002b8   Section        0  stm32f0xx_hal_dma.o(i.DMA_SetConfig)
    DMA_SetConfig                            0x080002b9   Thumb Code    30  stm32f0xx_hal_dma.o(i.DMA_SetConfig)
    i.EXTI4_15_IRQHandler                    0x080002d6   Section        0  stm32f0xx_it.o(i.EXTI4_15_IRQHandler)
    i.ErrorReport                            0x080002f4   Section        0  usart.o(i.ErrorReport)
    i.Error_Handler                          0x08000304   Section        0  main.o(i.Error_Handler)
    i.FLASH_MassErase                        0x08000308   Section        0  stm32f0xx_hal_flash_ex.o(i.FLASH_MassErase)
    FLASH_MassErase                          0x08000309   Thumb Code    26  stm32f0xx_hal_flash_ex.o(i.FLASH_MassErase)
    i.FLASH_PageErase                        0x0800032c   Section        0  stm32f0xx_hal_flash_ex.o(i.FLASH_PageErase)
    i.FLASH_Program_HalfWord                 0x08000350   Section        0  stm32f0xx_hal_flash.o(i.FLASH_Program_HalfWord)
    FLASH_Program_HalfWord                   0x08000351   Thumb Code    22  stm32f0xx_hal_flash.o(i.FLASH_Program_HalfWord)
    i.FLASH_SetErrorCode                     0x08000370   Section        0  stm32f0xx_hal_flash.o(i.FLASH_SetErrorCode)
    FLASH_SetErrorCode                       0x08000371   Thumb Code    38  stm32f0xx_hal_flash.o(i.FLASH_SetErrorCode)
    i.FLASH_WaitForLastOperation             0x080003a0   Section        0  stm32f0xx_hal_flash.o(i.FLASH_WaitForLastOperation)
    i.HAL_ADCEx_Calibration_Start            0x080003f0   Section        0  stm32f0xx_hal_adc_ex.o(i.HAL_ADCEx_Calibration_Start)
    i.HAL_ADC_ConfigChannel                  0x08000484   Section        0  stm32f0xx_hal_adc.o(i.HAL_ADC_ConfigChannel)
    i.HAL_ADC_ConvCpltCallback               0x08000594   Section        0  stm32f0xx_hal_adc.o(i.HAL_ADC_ConvCpltCallback)
    i.HAL_ADC_ConvHalfCpltCallback           0x08000596   Section        0  stm32f0xx_hal_adc.o(i.HAL_ADC_ConvHalfCpltCallback)
    i.HAL_ADC_ErrorCallback                  0x08000598   Section        0  stm32f0xx_hal_adc.o(i.HAL_ADC_ErrorCallback)
    i.HAL_ADC_Init                           0x0800059c   Section        0  stm32f0xx_hal_adc.o(i.HAL_ADC_Init)
    i.HAL_ADC_MspInit                        0x08000710   Section        0  adc.o(i.HAL_ADC_MspInit)
    i.HAL_ADC_Start_DMA                      0x08000784   Section        0  stm32f0xx_hal_adc.o(i.HAL_ADC_Start_DMA)
    i.HAL_DMA_Abort                          0x08000824   Section        0  stm32f0xx_hal_dma.o(i.HAL_DMA_Abort)
    i.HAL_DMA_IRQHandler                     0x08000870   Section        0  stm32f0xx_hal_dma.o(i.HAL_DMA_IRQHandler)
    i.HAL_DMA_Init                           0x08000a4c   Section        0  stm32f0xx_hal_dma.o(i.HAL_DMA_Init)
    i.HAL_DMA_Start_IT                       0x08000aa0   Section        0  stm32f0xx_hal_dma.o(i.HAL_DMA_Start_IT)
    i.HAL_FLASHEx_Erase                      0x08000af0   Section        0  stm32f0xx_hal_flash_ex.o(i.HAL_FLASHEx_Erase)
    i.HAL_FLASH_Lock                         0x08000b90   Section        0  stm32f0xx_hal_flash.o(i.HAL_FLASH_Lock)
    i.HAL_FLASH_Program                      0x08000ba4   Section        0  stm32f0xx_hal_flash.o(i.HAL_FLASH_Program)
    i.HAL_FLASH_Unlock                       0x08000c20   Section        0  stm32f0xx_hal_flash.o(i.HAL_FLASH_Unlock)
    i.HAL_GPIO_EXTI_Callback                 0x08000c44   Section        0  stm32f0xx_it.o(i.HAL_GPIO_EXTI_Callback)
    i.HAL_GPIO_EXTI_IRQHandler               0x08000ca4   Section        0  stm32f0xx_hal_gpio.o(i.HAL_GPIO_EXTI_IRQHandler)
    i.HAL_GPIO_Init                          0x08000cbc   Section        0  stm32f0xx_hal_gpio.o(i.HAL_GPIO_Init)
    i.HAL_GPIO_WritePin                      0x08000e04   Section        0  stm32f0xx_hal_gpio.o(i.HAL_GPIO_WritePin)
    i.HAL_GetTick                            0x08000e10   Section        0  stm32f0xx_hal.o(i.HAL_GetTick)
    i.HAL_IWDG_Init                          0x08000e1c   Section        0  stm32f0xx_hal_iwdg.o(i.HAL_IWDG_Init)
    i.HAL_IWDG_MspInit                       0x08000ec8   Section        0  stm32f0xx_hal_iwdg.o(i.HAL_IWDG_MspInit)
    i.HAL_IWDG_Refresh                       0x08000ecc   Section        0  stm32f0xx_hal_iwdg.o(i.HAL_IWDG_Refresh)
    i.HAL_IWDG_Start                         0x08000f20   Section        0  stm32f0xx_hal_iwdg.o(i.HAL_IWDG_Start)
    i.HAL_IncTick                            0x08000f98   Section        0  stm32f0xx_hal.o(i.HAL_IncTick)
    i.HAL_Init                               0x08000fa8   Section        0  stm32f0xx_hal.o(i.HAL_Init)
    i.HAL_InitTick                           0x08000fc8   Section        0  stm32f0xx_hal.o(i.HAL_InitTick)
    i.HAL_MspInit                            0x08000fec   Section        0  stm32f0xx_hal_msp.o(i.HAL_MspInit)
    i.HAL_NVIC_DisableIRQ                    0x08001024   Section        0  stm32f0xx_hal_cortex.o(i.HAL_NVIC_DisableIRQ)
    i.HAL_NVIC_EnableIRQ                     0x08001038   Section        0  stm32f0xx_hal_cortex.o(i.HAL_NVIC_EnableIRQ)
    i.HAL_NVIC_SetPriority                   0x0800104c   Section        0  stm32f0xx_hal_cortex.o(i.HAL_NVIC_SetPriority)
    i.HAL_RCCEx_PeriphCLKConfig              0x08001054   Section        0  stm32f0xx_hal_rcc_ex.o(i.HAL_RCCEx_PeriphCLKConfig)
    i.HAL_RCC_ClockConfig                    0x08001118   Section        0  stm32f0xx_hal_rcc.o(i.HAL_RCC_ClockConfig)
    i.HAL_RCC_GetHCLKFreq                    0x08001228   Section        0  stm32f0xx_hal_rcc.o(i.HAL_RCC_GetHCLKFreq)
    i.HAL_RCC_GetPCLK1Freq                   0x08001250   Section        0  stm32f0xx_hal_rcc.o(i.HAL_RCC_GetPCLK1Freq)
    i.HAL_RCC_GetSysClockFreq                0x08001270   Section        0  stm32f0xx_hal_rcc.o(i.HAL_RCC_GetSysClockFreq)
    i.HAL_RCC_OscConfig                      0x080012e8   Section        0  stm32f0xx_hal_rcc.o(i.HAL_RCC_OscConfig)
    i.HAL_SYSTICK_CLKSourceConfig            0x08001670   Section        0  stm32f0xx_hal_cortex.o(i.HAL_SYSTICK_CLKSourceConfig)
    i.HAL_SYSTICK_Callback                   0x08001688   Section        0  stm32f0xx_hal_cortex.o(i.HAL_SYSTICK_Callback)
    i.HAL_SYSTICK_Config                     0x0800168c   Section        0  stm32f0xx_hal_cortex.o(i.HAL_SYSTICK_Config)
    i.HAL_SYSTICK_IRQHandler                 0x080016bc   Section        0  stm32f0xx_hal_cortex.o(i.HAL_SYSTICK_IRQHandler)
    i.HAL_TIMEx_ConfigBreakDeadTime          0x080016c4   Section        0  stm32f0xx_hal_tim_ex.o(i.HAL_TIMEx_ConfigBreakDeadTime)
    i.HAL_TIMEx_MasterConfigSynchronization  0x08001700   Section        0  stm32f0xx_hal_tim_ex.o(i.HAL_TIMEx_MasterConfigSynchronization)
    i.HAL_TIMEx_PWMN_Start                   0x08001748   Section        0  stm32f0xx_hal_tim_ex.o(i.HAL_TIMEx_PWMN_Start)
    i.HAL_TIMEx_PWMN_Stop                    0x08001770   Section        0  stm32f0xx_hal_tim_ex.o(i.HAL_TIMEx_PWMN_Stop)
    i.HAL_TIM_Base_Init                      0x080017bc   Section        0  stm32f0xx_hal_tim.o(i.HAL_TIM_Base_Init)
    i.HAL_TIM_Base_MspInit                   0x080017f0   Section        0  tim.o(i.HAL_TIM_Base_MspInit)
    i.HAL_TIM_ConfigClockSource              0x08001850   Section        0  stm32f0xx_hal_tim.o(i.HAL_TIM_ConfigClockSource)
    i.HAL_TIM_MspPostInit                    0x08001940   Section        0  tim.o(i.HAL_TIM_MspPostInit)
    i.HAL_TIM_PWM_ConfigChannel              0x080019a0   Section        0  stm32f0xx_hal_tim.o(i.HAL_TIM_PWM_ConfigChannel)
    i.HAL_TIM_PWM_Init                       0x08001a70   Section        0  stm32f0xx_hal_tim.o(i.HAL_TIM_PWM_Init)
    i.HAL_TIM_PWM_MspInit                    0x08001aa4   Section        0  stm32f0xx_hal_tim.o(i.HAL_TIM_PWM_MspInit)
    i.HAL_TIM_PWM_Start                      0x08001aa8   Section        0  stm32f0xx_hal_tim.o(i.HAL_TIM_PWM_Start)
    i.HAL_TIM_PWM_Stop                       0x08001aec   Section        0  stm32f0xx_hal_tim.o(i.HAL_TIM_PWM_Stop)
    i.HAL_UART_DMA_RX_Stop                   0x08001b58   Section        0  usart.o(i.HAL_UART_DMA_RX_Stop)
    i.HAL_UART_ErrorCallback                 0x08001b7a   Section        0  stm32f0xx_hal_uart.o(i.HAL_UART_ErrorCallback)
    i.HAL_UART_IRQHandler                    0x08001b7c   Section        0  stm32f0xx_hal_uart_ex.o(i.HAL_UART_IRQHandler)
    i.HAL_UART_Init                          0x08001c44   Section        0  stm32f0xx_hal_uart.o(i.HAL_UART_Init)
    i.HAL_UART_MspInit                       0x08001cb0   Section        0  usart.o(i.HAL_UART_MspInit)
    i.HAL_UART_Receive_DMA                   0x08001d64   Section        0  stm32f0xx_hal_uart.o(i.HAL_UART_Receive_DMA)
    i.HAL_UART_RxCpltCallback                0x08001de8   Section        0  stm32f0xx_hal_uart.o(i.HAL_UART_RxCpltCallback)
    i.HAL_UART_RxHalfCpltCallback            0x08001dea   Section        0  stm32f0xx_hal_uart.o(i.HAL_UART_RxHalfCpltCallback)
    i.HAL_UART_Transmit_DMA                  0x08001dec   Section        0  stm32f0xx_hal_uart.o(i.HAL_UART_Transmit_DMA)
    i.HAL_UART_TxCpltCallback                0x08001e78   Section        0  stm32f0xx_hal_uart.o(i.HAL_UART_TxCpltCallback)
    i.HAL_UART_TxHalfCpltCallback            0x08001e7a   Section        0  stm32f0xx_hal_uart.o(i.HAL_UART_TxHalfCpltCallback)
    i.InstructionDecode                      0x08001e7c   Section        0  usart.o(i.InstructionDecode)
    i.InstructionExecute                     0x08001fa8   Section        0  usart.o(i.InstructionExecute)
    i.MX_ADC_Init                            0x08001fcc   Section        0  adc.o(i.MX_ADC_Init)
    i.MX_DMA_Init                            0x08002070   Section        0  dma.o(i.MX_DMA_Init)
    i.MX_GPIO_Init                           0x080020b0   Section        0  gpio.o(i.MX_GPIO_Init)
    i.MX_IWDG_Init                           0x0800214c   Section        0  iwdg.o(i.MX_IWDG_Init)
    i.MX_TIM14_Init                          0x08002178   Section        0  tim.o(i.MX_TIM14_Init)
    i.MX_TIM1_Init                           0x080021dc   Section        0  tim.o(i.MX_TIM1_Init)
    i.MX_USART1_UART_Init                    0x080022a4   Section        0  usart.o(i.MX_USART1_UART_Init)
    i.NVIC_SetPriority                       0x080022fc   Section        0  stm32f0xx_hal_cortex.o(i.NVIC_SetPriority)
    NVIC_SetPriority                         0x080022fd   Thumb Code    60  stm32f0xx_hal_cortex.o(i.NVIC_SetPriority)
    i.Parameters_Init                        0x08002340   Section        0  usart.o(i.Parameters_Init)
    i.PostToTxdata                           0x08002390   Section        0  usart.o(i.PostToTxdata)
    i.ReadFlashCurrentCalibration            0x080023ec   Section        0  flash.o(i.ReadFlashCurrentCalibration)
    i.ReadFlashVoltageCalibration            0x080023f8   Section        0  flash.o(i.ReadFlashVoltageCalibration)
    i.SetPowerBus                            0x08002404   Section        0  gpio.o(i.SetPowerBus)
    i.SysTick_Handler                        0x08002410   Section        0  stm32f0xx_it.o(i.SysTick_Handler)
    i.SystemClock_Config                     0x08002454   Section        0  main.o(i.SystemClock_Config)
    i.SystemInit                             0x080024d4   Section        0  system_stm32f0xx.o(i.SystemInit)
    i.TIM_Base_SetConfig                     0x08002530   Section        0  stm32f0xx_hal_tim.o(i.TIM_Base_SetConfig)
    i.TIM_CCxChannelCmd                      0x080025a4   Section        0  stm32f0xx_hal_tim.o(i.TIM_CCxChannelCmd)
    i.TIM_CCxNChannelCmd                     0x080025ba   Section        0  stm32f0xx_hal_tim_ex.o(i.TIM_CCxNChannelCmd)
    TIM_CCxNChannelCmd                       0x080025bb   Thumb Code    22  stm32f0xx_hal_tim_ex.o(i.TIM_CCxNChannelCmd)
    i.TIM_ETR_SetConfig                      0x080025d0   Section        0  stm32f0xx_hal_tim.o(i.TIM_ETR_SetConfig)
    TIM_ETR_SetConfig                        0x080025d1   Thumb Code    22  stm32f0xx_hal_tim.o(i.TIM_ETR_SetConfig)
    i.TIM_ITRx_SetConfig                     0x080025e6   Section        0  stm32f0xx_hal_tim.o(i.TIM_ITRx_SetConfig)
    TIM_ITRx_SetConfig                       0x080025e7   Thumb Code    16  stm32f0xx_hal_tim.o(i.TIM_ITRx_SetConfig)
    i.TIM_OC1_SetConfig                      0x080025f8   Section        0  stm32f0xx_hal_tim.o(i.TIM_OC1_SetConfig)
    TIM_OC1_SetConfig                        0x080025f9   Thumb Code   108  stm32f0xx_hal_tim.o(i.TIM_OC1_SetConfig)
    i.TIM_OC2_SetConfig                      0x08002670   Section        0  stm32f0xx_hal_tim.o(i.TIM_OC2_SetConfig)
    i.TIM_OC3_SetConfig                      0x080026e4   Section        0  stm32f0xx_hal_tim.o(i.TIM_OC3_SetConfig)
    TIM_OC3_SetConfig                        0x080026e5   Thumb Code   106  stm32f0xx_hal_tim.o(i.TIM_OC3_SetConfig)
    i.TIM_OC4_SetConfig                      0x0800275c   Section        0  stm32f0xx_hal_tim.o(i.TIM_OC4_SetConfig)
    TIM_OC4_SetConfig                        0x0800275d   Thumb Code    84  stm32f0xx_hal_tim.o(i.TIM_OC4_SetConfig)
    i.TIM_TI1_ConfigInputStage               0x080027bc   Section        0  stm32f0xx_hal_tim.o(i.TIM_TI1_ConfigInputStage)
    TIM_TI1_ConfigInputStage                 0x080027bd   Thumb Code    34  stm32f0xx_hal_tim.o(i.TIM_TI1_ConfigInputStage)
    i.TIM_TI2_ConfigInputStage               0x080027de   Section        0  stm32f0xx_hal_tim.o(i.TIM_TI2_ConfigInputStage)
    TIM_TI2_ConfigInputStage                 0x080027df   Thumb Code    38  stm32f0xx_hal_tim.o(i.TIM_TI2_ConfigInputStage)
    i.UART_AdvFeatureConfig                  0x08002804   Section        0  stm32f0xx_hal_uart.o(i.UART_AdvFeatureConfig)
    i.UART_CheckIdleState                    0x080028ce   Section        0  stm32f0xx_hal_uart.o(i.UART_CheckIdleState)
    i.UART_DMAError                          0x080028de   Section        0  stm32f0xx_hal_uart.o(i.UART_DMAError)
    UART_DMAError                            0x080028df   Thumb Code    34  stm32f0xx_hal_uart.o(i.UART_DMAError)
    i.UART_DMAReceiveCplt                    0x08002900   Section        0  stm32f0xx_hal_uart.o(i.UART_DMAReceiveCplt)
    UART_DMAReceiveCplt                      0x08002901   Thumb Code    54  stm32f0xx_hal_uart.o(i.UART_DMAReceiveCplt)
    i.UART_DMARxHalfCplt                     0x08002936   Section        0  stm32f0xx_hal_uart.o(i.UART_DMARxHalfCplt)
    UART_DMARxHalfCplt                       0x08002937   Thumb Code    10  stm32f0xx_hal_uart.o(i.UART_DMARxHalfCplt)
    i.UART_DMATransmitCplt                   0x08002940   Section        0  stm32f0xx_hal_uart.o(i.UART_DMATransmitCplt)
    UART_DMATransmitCplt                     0x08002941   Thumb Code    48  stm32f0xx_hal_uart.o(i.UART_DMATransmitCplt)
    i.UART_DMATxHalfCplt                     0x08002970   Section        0  stm32f0xx_hal_uart.o(i.UART_DMATxHalfCplt)
    UART_DMATxHalfCplt                       0x08002971   Thumb Code    10  stm32f0xx_hal_uart.o(i.UART_DMATxHalfCplt)
    i.UART_EndTransmit_IT                    0x0800297a   Section        0  stm32f0xx_hal_uart.o(i.UART_EndTransmit_IT)
    i.UART_Receive_IT                        0x080029a0   Section        0  stm32f0xx_hal_uart.o(i.UART_Receive_IT)
    i.UART_SetConfig                         0x08002a30   Section        0  stm32f0xx_hal_uart.o(i.UART_SetConfig)
    i.UART_Transmit_IT                       0x08002b38   Section        0  stm32f0xx_hal_uart.o(i.UART_Transmit_IT)
    i.USART1_IRQHandler                      0x08002ba8   Section        0  stm32f0xx_it.o(i.USART1_IRQHandler)
    i.WriteFlashCurrentCalibration           0x08002be8   Section        0  flash.o(i.WriteFlashCurrentCalibration)
    i.WriteFlashVoltageCalibration           0x08002c3c   Section        0  flash.o(i.WriteFlashVoltageCalibration)
    i.__ARM_common_switch8                   0x08002c90   Section        0  stm32f0xx_hal_tim.o(i.__ARM_common_switch8)
    i.__scatterload_copy                     0x08002caa   Section       14  handlers.o(i.__scatterload_copy)
    i.__scatterload_null                     0x08002cb8   Section        2  handlers.o(i.__scatterload_null)
    i.__scatterload_zeroinit                 0x08002cba   Section       14  handlers.o(i.__scatterload_zeroinit)
    i.heat_adjust                            0x08002cc8   Section        0  heater.o(i.heat_adjust)
    i.heat_process                           0x08002d64   Section        0  heater.o(i.heat_process)
    i.heat_protect                           0x08002da0   Section        0  heater.o(i.heat_protect)
    i.heat_start                             0x08002e88   Section        0  heater.o(i.heat_start)
    i.heat_stop_with_off_delay               0x08002ef0   Section        0  heater.o(i.heat_stop_with_off_delay)
    i.heat_stop_with_on_delay                0x08002f1c   Section        0  heater.o(i.heat_stop_with_on_delay)
    i.load_check                             0x08002f48   Section        0  heater.o(i.load_check)
    i.load_test                              0x08002fb4   Section        0  heater.o(i.load_test)
    i.main                                   0x08003014   Section        0  main.o(i.main)
    i.power_handle                           0x08003080   Section        0  heater.o(i.power_handle)
    i.powerbus_control                       0x08003148   Section        0  gpio.o(i.powerbus_control)
    i.pwm_pulse_set                          0x08003180   Section        0  tim.o(i.pwm_pulse_set)
    i.pwm_start                              0x080031c8   Section        0  tim.o(i.pwm_start)
    i.pwm_stop                               0x080031f4   Section        0  tim.o(i.pwm_stop)
    i.set_counter_pin_interrupt              0x0800320c   Section        0  gpio.o(i.set_counter_pin_interrupt)
    i.set_fan_speed                          0x08003224   Section        0  tim.o(i.set_fan_speed)
    i.task0_AdSample                         0x08003270   Section        0  adc.o(i.task0_AdSample)
    i.task1_PowerControl                     0x0800342c   Section        0  heater.o(i.task1_PowerControl)
    i.task2_UartReceive                      0x08003458   Section        0  usart.o(i.task2_UartReceive)
    i.task3_UartSend                         0x08003510   Section        0  usart.o(i.task3_UartSend)
    i.task4_PeripheralControl                0x08003590   Section        0  gpio.o(i.task4_PeripheralControl)
    i.task5_ErrorHandle                      0x080035a4   Section        0  usart.o(i.task5_ErrorHandle)
    i.task_countdown                         0x080035c0   Section        0  event.o(i.task_countdown)
    i.task_scheduler                         0x080035e8   Section        0  event.o(i.task_scheduler)
    .constdata                               0x0800362c   Section       16  stm32f0xx_hal_rcc.o(.constdata)
    .data                                    0x20000000   Section        4  stm32f0xx_hal.o(.data)
    uwTick                                   0x20000000   Data           4  stm32f0xx_hal.o(.data)
    .data                                    0x20000004   Section        4  system_stm32f0xx.o(.data)
    .data                                    0x20000008   Section        2  stm32f0xx_it.o(.data)
    timer                                    0x20000008   Data           2  stm32f0xx_it.o(.data)
    .data                                    0x2000000a   Section        3  usart.o(.data)
    counter_com                              0x2000000a   Data           1  usart.o(.data)
    flag_write_current_calibration           0x2000000b   Data           1  usart.o(.data)
    flag_write_voltage_calibration           0x2000000c   Data           1  usart.o(.data)
    .data                                    0x20000010   Section       12  adc.o(.data)
    pointer_adc                              0x20000010   Data           1  adc.o(.data)
    flag_adc                                 0x20000011   Data           1  adc.o(.data)
    ADCfilter                                0x20000014   Data           8  adc.o(.data)
    .data                                    0x2000001c   Section        6  gpio.o(.data)
    fan_status                               0x2000001c   Data           1  gpio.o(.data)
    powerbus_status                          0x2000001d   Data           1  gpio.o(.data)
    fan_delay                                0x2000001e   Data           2  gpio.o(.data)
    powerbus_delay                           0x20000020   Data           2  gpio.o(.data)
    .data                                    0x20000022   Section        1  global_variable.o(.data)
    .data                                    0x20000023   Section        1  global_variable.o(.data)
    .data                                    0x20000024   Section        1  global_variable.o(.data)
    .data                                    0x20000025   Section        1  global_variable.o(.data)
    .data                                    0x20000026   Section        1  global_variable.o(.data)
    .data                                    0x20000027   Section        1  global_variable.o(.data)
    .data                                    0x20000028   Section        2  global_variable.o(.data)
    .data                                    0x2000002a   Section        2  global_variable.o(.data)
    .data                                    0x2000002c   Section        2  global_variable.o(.data)
    .data                                    0x2000002e   Section        2  global_variable.o(.data)
    .data                                    0x20000030   Section        2  global_variable.o(.data)
    .data                                    0x20000032   Section        2  global_variable.o(.data)
    .data                                    0x20000034   Section        2  global_variable.o(.data)
    .data                                    0x20000036   Section       18  heater.o(.data)
    counter_addpower_delay                   0x20000036   Data           1  heater.o(.data)
    flag_poweroffcommand                     0x20000037   Data           1  heater.o(.data)
    counter_add                              0x20000038   Data           1  heater.o(.data)
    flag_sink_overhot                        0x20000039   Data           1  heater.o(.data)
    new_target_power                         0x2000003a   Data           2  heater.o(.data)
    old_target_power                         0x2000003c   Data           2  heater.o(.data)
    poweron_time                             0x2000003e   Data           2  heater.o(.data)
    poweroff_time                            0x20000040   Data           2  heater.o(.data)
    counter_poweron                          0x20000042   Data           2  heater.o(.data)
    counter_poweroff                         0x20000044   Data           2  heater.o(.data)
    counter_movepandelay                     0x20000046   Data           2  heater.o(.data)
    .data                                    0x20000048   Section       28  event.o(.data)
    schedule_step                            0x20000048   Data           1  event.o(.data)
    ptask                                    0x2000004c   Data          24  event.o(.data)
    .bss                                     0x20000068   Section       32  stm32f0xx_hal_flash.o(.bss)
    .bss                                     0x20000088   Section       20  iwdg.o(.bss)
    .bss                                     0x2000009c   Section      424  usart.o(.bss)
    com_buffer                               0x200000e4   Data         127  usart.o(.bss)
    .bss                                     0x20000244   Section      496  adc.o(.bss)
    filter_current                           0x20000244   Data         100  adc.o(.bss)
    filter_voltage                           0x200002a8   Data         100  adc.o(.bss)
    filter_current1                          0x2000030c   Data         100  adc.o(.bss)
    ADCBuffer                                0x200003f4   Data          64  adc.o(.bss)
    .bss                                     0x20000434   Section      120  tim.o(.bss)
    .bss                                     0x200004ac   Section       50  global_variable.o(.bss)
    .bss                                     0x200004de   Section       50  global_variable.o(.bss)
    .bss                                     0x20000510   Section       12  event.o(.bss)
    .bss                                     0x2000051c   Section       12  flash.o(.bss)
    STACK                                    0x20000528   Section     1024  startup_stm32f030x6.o(STACK)

    Global Symbols

    Symbol Name                              Value     Ov Type        Size  Object(Section)

    BuildAttributes$$THM_ISAv3M$S$PE$A:L22$X:L11$S22$IEEE1$IW$USESV6$~STKCKD$USESV7$~SHL$OSPACE$EBA8$MICROLIB$REQ8$PRES8$EABIv2 0x00000000   Number         0  anon$$obj.o ABSOLUTE
    __ARM_use_no_argv                        0x00000000   Number         0  main.o ABSOLUTE
    __cpp_initialize__aeabi_                  - Undefined Weak Reference
    __cxa_finalize                            - Undefined Weak Reference
    __decompress                              - Undefined Weak Reference
    _clock_init                               - Undefined Weak Reference
    _microlib_exit                            - Undefined Weak Reference
    __Vectors_Size                           0x000000b0   Number         0  startup_stm32f030x6.o ABSOLUTE
    __Vectors                                0x08000000   Data           4  startup_stm32f030x6.o(RESET)
    __Vectors_End                            0x080000b0   Data           0  startup_stm32f030x6.o(RESET)
    __main                                   0x080000b1   Thumb Code     0  entry.o(.ARM.Collect$$$$00000000)
    _main_stk                                0x080000b1   Thumb Code     0  entry2.o(.ARM.Collect$$$$00000001)
    _main_scatterload                        0x080000b5   Thumb Code     0  entry5.o(.ARM.Collect$$$$00000004)
    __main_after_scatterload                 0x080000b9   Thumb Code     0  entry5.o(.ARM.Collect$$$$00000004)
    _main_clock                              0x080000b9   Thumb Code     0  entry7b.o(.ARM.Collect$$$$00000008)
    _main_cpp_init                           0x080000b9   Thumb Code     0  entry8b.o(.ARM.Collect$$$$0000000A)
    _main_init                               0x080000b9   Thumb Code     0  entry9a.o(.ARM.Collect$$$$0000000B)
    __rt_final_cpp                           0x080000c1   Thumb Code     0  entry10a.o(.ARM.Collect$$$$0000000D)
    __rt_final_exit                          0x080000c1   Thumb Code     0  entry11a.o(.ARM.Collect$$$$0000000F)
    Reset_Handler                            0x080000c5   Thumb Code     8  startup_stm32f030x6.o(.text)
    NMI_Handler                              0x080000cd   Thumb Code     2  startup_stm32f030x6.o(.text)
    HardFault_Handler                        0x080000cf   Thumb Code     2  startup_stm32f030x6.o(.text)
    SVC_Handler                              0x080000d1   Thumb Code     2  startup_stm32f030x6.o(.text)
    PendSV_Handler                           0x080000d3   Thumb Code     2  startup_stm32f030x6.o(.text)
    ADC1_IRQHandler                          0x080000d7   Thumb Code     0  startup_stm32f030x6.o(.text)
    DMA1_Channel4_5_IRQHandler               0x080000d7   Thumb Code     0  startup_stm32f030x6.o(.text)
    EXTI0_1_IRQHandler                       0x080000d7   Thumb Code     0  startup_stm32f030x6.o(.text)
    EXTI2_3_IRQHandler                       0x080000d7   Thumb Code     0  startup_stm32f030x6.o(.text)
    FLASH_IRQHandler                         0x080000d7   Thumb Code     0  startup_stm32f030x6.o(.text)
    I2C1_IRQHandler                          0x080000d7   Thumb Code     0  startup_stm32f030x6.o(.text)
    RCC_IRQHandler                           0x080000d7   Thumb Code     0  startup_stm32f030x6.o(.text)
    RTC_IRQHandler                           0x080000d7   Thumb Code     0  startup_stm32f030x6.o(.text)
    SPI1_IRQHandler                          0x080000d7   Thumb Code     0  startup_stm32f030x6.o(.text)
    TIM14_IRQHandler                         0x080000d7   Thumb Code     0  startup_stm32f030x6.o(.text)
    TIM16_IRQHandler                         0x080000d7   Thumb Code     0  startup_stm32f030x6.o(.text)
    TIM17_IRQHandler                         0x080000d7   Thumb Code     0  startup_stm32f030x6.o(.text)
    TIM1_BRK_UP_TRG_COM_IRQHandler           0x080000d7   Thumb Code     0  startup_stm32f030x6.o(.text)
    TIM1_CC_IRQHandler                       0x080000d7   Thumb Code     0  startup_stm32f030x6.o(.text)
    TIM3_IRQHandler                          0x080000d7   Thumb Code     0  startup_stm32f030x6.o(.text)
    WWDG_IRQHandler                          0x080000d7   Thumb Code     0  startup_stm32f030x6.o(.text)
    __aeabi_uidiv                            0x080000e1   Thumb Code     0  uidiv.o(.text)
    __aeabi_uidivmod                         0x080000e1   Thumb Code    44  uidiv.o(.text)
    __aeabi_idiv                             0x0800010d   Thumb Code     0  idiv.o(.text)
    __aeabi_idivmod                          0x0800010d   Thumb Code    40  idiv.o(.text)
    __aeabi_llsr                             0x08000135   Thumb Code    34  llushr.o(.text)
    _ll_ushift_r                             0x08000135   Thumb Code     0  llushr.o(.text)
    __scatterload                            0x08000159   Thumb Code    28  init.o(.text)
    __scatterload_rt2                        0x08000159   Thumb Code     0  init.o(.text)
    DMA1_Channel1_IRQHandler                 0x08000291   Thumb Code    10  stm32f0xx_it.o(i.DMA1_Channel1_IRQHandler)
    DMA1_Channel2_3_IRQHandler               0x080002a1   Thumb Code    16  stm32f0xx_it.o(i.DMA1_Channel2_3_IRQHandler)
    EXTI4_15_IRQHandler                      0x080002d7   Thumb Code    28  stm32f0xx_it.o(i.EXTI4_15_IRQHandler)
    ErrorReport                              0x080002f5   Thumb Code    10  usart.o(i.ErrorReport)
    Error_Handler                            0x08000305   Thumb Code     2  main.o(i.Error_Handler)
    FLASH_PageErase                          0x0800032d   Thumb Code    28  stm32f0xx_hal_flash_ex.o(i.FLASH_PageErase)
    FLASH_WaitForLastOperation               0x080003a1   Thumb Code    76  stm32f0xx_hal_flash.o(i.FLASH_WaitForLastOperation)
    HAL_ADCEx_Calibration_Start              0x080003f1   Thumb Code   148  stm32f0xx_hal_adc_ex.o(i.HAL_ADCEx_Calibration_Start)
    HAL_ADC_ConfigChannel                    0x08000485   Thumb Code   254  stm32f0xx_hal_adc.o(i.HAL_ADC_ConfigChannel)
    HAL_ADC_ConvCpltCallback                 0x08000595   Thumb Code     2  stm32f0xx_hal_adc.o(i.HAL_ADC_ConvCpltCallback)
    HAL_ADC_ConvHalfCpltCallback             0x08000597   Thumb Code     2  stm32f0xx_hal_adc.o(i.HAL_ADC_ConvHalfCpltCallback)
    HAL_ADC_ErrorCallback                    0x08000599   Thumb Code     2  stm32f0xx_hal_adc.o(i.HAL_ADC_ErrorCallback)
    HAL_ADC_Init                             0x0800059d   Thumb Code   362  stm32f0xx_hal_adc.o(i.HAL_ADC_Init)
    HAL_ADC_MspInit                          0x08000711   Thumb Code   100  adc.o(i.HAL_ADC_MspInit)
    HAL_ADC_Start_DMA                        0x08000785   Thumb Code   144  stm32f0xx_hal_adc.o(i.HAL_ADC_Start_DMA)
    HAL_DMA_Abort                            0x08000825   Thumb Code    76  stm32f0xx_hal_dma.o(i.HAL_DMA_Abort)
    HAL_DMA_IRQHandler                       0x08000871   Thumb Code   470  stm32f0xx_hal_dma.o(i.HAL_DMA_IRQHandler)
    HAL_DMA_Init                             0x08000a4d   Thumb Code    78  stm32f0xx_hal_dma.o(i.HAL_DMA_Init)
    HAL_DMA_Start_IT                         0x08000aa1   Thumb Code    78  stm32f0xx_hal_dma.o(i.HAL_DMA_Start_IT)
    HAL_FLASHEx_Erase                        0x08000af1   Thumb Code   148  stm32f0xx_hal_flash_ex.o(i.HAL_FLASHEx_Erase)
    HAL_FLASH_Lock                           0x08000b91   Thumb Code    14  stm32f0xx_hal_flash.o(i.HAL_FLASH_Lock)
    HAL_FLASH_Program                        0x08000ba5   Thumb Code   110  stm32f0xx_hal_flash.o(i.HAL_FLASH_Program)
    HAL_FLASH_Unlock                         0x08000c21   Thumb Code    24  stm32f0xx_hal_flash.o(i.HAL_FLASH_Unlock)
    HAL_GPIO_EXTI_Callback                   0x08000c45   Thumb Code    84  stm32f0xx_it.o(i.HAL_GPIO_EXTI_Callback)
    HAL_GPIO_EXTI_IRQHandler                 0x08000ca5   Thumb Code    18  stm32f0xx_hal_gpio.o(i.HAL_GPIO_EXTI_IRQHandler)
    HAL_GPIO_Init                            0x08000cbd   Thumb Code   302  stm32f0xx_hal_gpio.o(i.HAL_GPIO_Init)
    HAL_GPIO_WritePin                        0x08000e05   Thumb Code    12  stm32f0xx_hal_gpio.o(i.HAL_GPIO_WritePin)
    HAL_GetTick                              0x08000e11   Thumb Code     6  stm32f0xx_hal.o(i.HAL_GetTick)
    HAL_IWDG_Init                            0x08000e1d   Thumb Code   162  stm32f0xx_hal_iwdg.o(i.HAL_IWDG_Init)
    HAL_IWDG_MspInit                         0x08000ec9   Thumb Code     2  stm32f0xx_hal_iwdg.o(i.HAL_IWDG_MspInit)
    HAL_IWDG_Refresh                         0x08000ecd   Thumb Code    78  stm32f0xx_hal_iwdg.o(i.HAL_IWDG_Refresh)
    HAL_IWDG_Start                           0x08000f21   Thumb Code   108  stm32f0xx_hal_iwdg.o(i.HAL_IWDG_Start)
    HAL_IncTick                              0x08000f99   Thumb Code    10  stm32f0xx_hal.o(i.HAL_IncTick)
    HAL_Init                                 0x08000fa9   Thumb Code    26  stm32f0xx_hal.o(i.HAL_Init)
    HAL_InitTick                             0x08000fc9   Thumb Code    34  stm32f0xx_hal.o(i.HAL_InitTick)
    HAL_MspInit                              0x08000fed   Thumb Code    50  stm32f0xx_hal_msp.o(i.HAL_MspInit)
    HAL_NVIC_DisableIRQ                      0x08001025   Thumb Code    14  stm32f0xx_hal_cortex.o(i.HAL_NVIC_DisableIRQ)
    HAL_NVIC_EnableIRQ                       0x08001039   Thumb Code    14  stm32f0xx_hal_cortex.o(i.HAL_NVIC_EnableIRQ)
    HAL_NVIC_SetPriority                     0x0800104d   Thumb Code     8  stm32f0xx_hal_cortex.o(i.HAL_NVIC_SetPriority)
    HAL_RCCEx_PeriphCLKConfig                0x08001055   Thumb Code   182  stm32f0xx_hal_rcc_ex.o(i.HAL_RCCEx_PeriphCLKConfig)
    HAL_RCC_ClockConfig                      0x08001119   Thumb Code   260  stm32f0xx_hal_rcc.o(i.HAL_RCC_ClockConfig)
    HAL_RCC_GetHCLKFreq                      0x08001229   Thumb Code    26  stm32f0xx_hal_rcc.o(i.HAL_RCC_GetHCLKFreq)
    HAL_RCC_GetPCLK1Freq                     0x08001251   Thumb Code    22  stm32f0xx_hal_rcc.o(i.HAL_RCC_GetPCLK1Freq)
    HAL_RCC_GetSysClockFreq                  0x08001271   Thumb Code    76  stm32f0xx_hal_rcc.o(i.HAL_RCC_GetSysClockFreq)
    HAL_RCC_OscConfig                        0x080012e9   Thumb Code   892  stm32f0xx_hal_rcc.o(i.HAL_RCC_OscConfig)
    HAL_SYSTICK_CLKSourceConfig              0x08001671   Thumb Code    20  stm32f0xx_hal_cortex.o(i.HAL_SYSTICK_CLKSourceConfig)
    HAL_SYSTICK_Callback                     0x08001689   Thumb Code     2  stm32f0xx_hal_cortex.o(i.HAL_SYSTICK_Callback)
    HAL_SYSTICK_Config                       0x0800168d   Thumb Code    38  stm32f0xx_hal_cortex.o(i.HAL_SYSTICK_Config)
    HAL_SYSTICK_IRQHandler                   0x080016bd   Thumb Code     8  stm32f0xx_hal_cortex.o(i.HAL_SYSTICK_IRQHandler)
    HAL_TIMEx_ConfigBreakDeadTime            0x080016c5   Thumb Code    60  stm32f0xx_hal_tim_ex.o(i.HAL_TIMEx_ConfigBreakDeadTime)
    HAL_TIMEx_MasterConfigSynchronization    0x08001701   Thumb Code    72  stm32f0xx_hal_tim_ex.o(i.HAL_TIMEx_MasterConfigSynchronization)
    HAL_TIMEx_PWMN_Start                     0x08001749   Thumb Code    38  stm32f0xx_hal_tim_ex.o(i.HAL_TIMEx_PWMN_Start)
    HAL_TIMEx_PWMN_Stop                      0x08001771   Thumb Code    66  stm32f0xx_hal_tim_ex.o(i.HAL_TIMEx_PWMN_Stop)
    HAL_TIM_Base_Init                        0x080017bd   Thumb Code    52  stm32f0xx_hal_tim.o(i.HAL_TIM_Base_Init)
    HAL_TIM_Base_MspInit                     0x080017f1   Thumb Code    82  tim.o(i.HAL_TIM_Base_MspInit)
    HAL_TIM_ConfigClockSource                0x08001851   Thumb Code   238  stm32f0xx_hal_tim.o(i.HAL_TIM_ConfigClockSource)
    HAL_TIM_MspPostInit                      0x08001941   Thumb Code    82  tim.o(i.HAL_TIM_MspPostInit)
    HAL_TIM_PWM_ConfigChannel                0x080019a1   Thumb Code   208  stm32f0xx_hal_tim.o(i.HAL_TIM_PWM_ConfigChannel)
    HAL_TIM_PWM_Init                         0x08001a71   Thumb Code    52  stm32f0xx_hal_tim.o(i.HAL_TIM_PWM_Init)
    HAL_TIM_PWM_MspInit                      0x08001aa5   Thumb Code     2  stm32f0xx_hal_tim.o(i.HAL_TIM_PWM_MspInit)
    HAL_TIM_PWM_Start                        0x08001aa9   Thumb Code    56  stm32f0xx_hal_tim.o(i.HAL_TIM_PWM_Start)
    HAL_TIM_PWM_Stop                         0x08001aed   Thumb Code    90  stm32f0xx_hal_tim.o(i.HAL_TIM_PWM_Stop)
    HAL_UART_DMA_RX_Stop                     0x08001b59   Thumb Code    34  usart.o(i.HAL_UART_DMA_RX_Stop)
    HAL_UART_ErrorCallback                   0x08001b7b   Thumb Code     2  stm32f0xx_hal_uart.o(i.HAL_UART_ErrorCallback)
    HAL_UART_IRQHandler                      0x08001b7d   Thumb Code   200  stm32f0xx_hal_uart_ex.o(i.HAL_UART_IRQHandler)
    HAL_UART_Init                            0x08001c45   Thumb Code   108  stm32f0xx_hal_uart.o(i.HAL_UART_Init)
    HAL_UART_MspInit                         0x08001cb1   Thumb Code   164  usart.o(i.HAL_UART_MspInit)
    HAL_UART_Receive_DMA                     0x08001d65   Thumb Code   120  stm32f0xx_hal_uart.o(i.HAL_UART_Receive_DMA)
    HAL_UART_RxCpltCallback                  0x08001de9   Thumb Code     2  stm32f0xx_hal_uart.o(i.HAL_UART_RxCpltCallback)
    HAL_UART_RxHalfCpltCallback              0x08001deb   Thumb Code     2  stm32f0xx_hal_uart.o(i.HAL_UART_RxHalfCpltCallback)
    HAL_UART_Transmit_DMA                    0x08001ded   Thumb Code   128  stm32f0xx_hal_uart.o(i.HAL_UART_Transmit_DMA)
    HAL_UART_TxCpltCallback                  0x08001e79   Thumb Code     2  stm32f0xx_hal_uart.o(i.HAL_UART_TxCpltCallback)
    HAL_UART_TxHalfCpltCallback              0x08001e7b   Thumb Code     2  stm32f0xx_hal_uart.o(i.HAL_UART_TxHalfCpltCallback)
    InstructionDecode                        0x08001e7d   Thumb Code   288  usart.o(i.InstructionDecode)
    InstructionExecute                       0x08001fa9   Thumb Code    32  usart.o(i.InstructionExecute)
    MX_ADC_Init                              0x08001fcd   Thumb Code   156  adc.o(i.MX_ADC_Init)
    MX_DMA_Init                              0x08002071   Thumb Code    58  dma.o(i.MX_DMA_Init)
    MX_GPIO_Init                             0x080020b1   Thumb Code   144  gpio.o(i.MX_GPIO_Init)
    MX_IWDG_Init                             0x0800214d   Thumb Code    32  iwdg.o(i.MX_IWDG_Init)
    MX_TIM14_Init                            0x08002179   Thumb Code    92  tim.o(i.MX_TIM14_Init)
    MX_TIM1_Init                             0x080021dd   Thumb Code   190  tim.o(i.MX_TIM1_Init)
    MX_USART1_UART_Init                      0x080022a5   Thumb Code    78  usart.o(i.MX_USART1_UART_Init)
    Parameters_Init                          0x08002341   Thumb Code    58  usart.o(i.Parameters_Init)
    PostToTxdata                             0x08002391   Thumb Code    88  usart.o(i.PostToTxdata)
    ReadFlashCurrentCalibration              0x080023ed   Thumb Code     6  flash.o(i.ReadFlashCurrentCalibration)
    ReadFlashVoltageCalibration              0x080023f9   Thumb Code     6  flash.o(i.ReadFlashVoltageCalibration)
    SetPowerBus                              0x08002405   Thumb Code     8  gpio.o(i.SetPowerBus)
    SysTick_Handler                          0x08002411   Thumb Code    56  stm32f0xx_it.o(i.SysTick_Handler)
    SystemClock_Config                       0x08002455   Thumb Code   126  main.o(i.SystemClock_Config)
    SystemInit                               0x080024d5   Thumb Code    78  system_stm32f0xx.o(i.SystemInit)
    TIM_Base_SetConfig                       0x08002531   Thumb Code    94  stm32f0xx_hal_tim.o(i.TIM_Base_SetConfig)
    TIM_CCxChannelCmd                        0x080025a5   Thumb Code    22  stm32f0xx_hal_tim.o(i.TIM_CCxChannelCmd)
    TIM_OC2_SetConfig                        0x08002671   Thumb Code   104  stm32f0xx_hal_tim.o(i.TIM_OC2_SetConfig)
    UART_AdvFeatureConfig                    0x08002805   Thumb Code   202  stm32f0xx_hal_uart.o(i.UART_AdvFeatureConfig)
    UART_CheckIdleState                      0x080028cf   Thumb Code    16  stm32f0xx_hal_uart.o(i.UART_CheckIdleState)
    UART_EndTransmit_IT                      0x0800297b   Thumb Code    38  stm32f0xx_hal_uart.o(i.UART_EndTransmit_IT)
    UART_Receive_IT                          0x080029a1   Thumb Code   142  stm32f0xx_hal_uart.o(i.UART_Receive_IT)
    UART_SetConfig                           0x08002a31   Thumb Code   248  stm32f0xx_hal_uart.o(i.UART_SetConfig)
    UART_Transmit_IT                         0x08002b39   Thumb Code   110  stm32f0xx_hal_uart.o(i.UART_Transmit_IT)
    USART1_IRQHandler                        0x08002ba9   Thumb Code    46  stm32f0xx_it.o(i.USART1_IRQHandler)
    WriteFlashCurrentCalibration             0x08002be9   Thumb Code    70  flash.o(i.WriteFlashCurrentCalibration)
    WriteFlashVoltageCalibration             0x08002c3d   Thumb Code    70  flash.o(i.WriteFlashVoltageCalibration)
    __ARM_common_switch8                     0x08002c91   Thumb Code    26  stm32f0xx_hal_tim.o(i.__ARM_common_switch8)
    __scatterload_copy                       0x08002cab   Thumb Code    14  handlers.o(i.__scatterload_copy)
    __scatterload_null                       0x08002cb9   Thumb Code     2  handlers.o(i.__scatterload_null)
    __scatterload_zeroinit                   0x08002cbb   Thumb Code    14  handlers.o(i.__scatterload_zeroinit)
    heat_adjust                              0x08002cc9   Thumb Code   132  heater.o(i.heat_adjust)
    heat_process                             0x08002d65   Thumb Code    56  heater.o(i.heat_process)
    heat_protect                             0x08002da1   Thumb Code   208  heater.o(i.heat_protect)
    heat_start                               0x08002e89   Thumb Code    82  heater.o(i.heat_start)
    heat_stop_with_off_delay                 0x08002ef1   Thumb Code    30  heater.o(i.heat_stop_with_off_delay)
    heat_stop_with_on_delay                  0x08002f1d   Thumb Code    32  heater.o(i.heat_stop_with_on_delay)
    load_check                               0x08002f49   Thumb Code    82  heater.o(i.load_check)
    load_test                                0x08002fb5   Thumb Code    76  heater.o(i.load_test)
    main                                     0x08003015   Thumb Code    96  main.o(i.main)
    power_handle                             0x08003081   Thumb Code   184  heater.o(i.power_handle)
    powerbus_control                         0x08003149   Thumb Code    44  gpio.o(i.powerbus_control)
    pwm_pulse_set                            0x08003181   Thumb Code    58  tim.o(i.pwm_pulse_set)
    pwm_start                                0x080031c9   Thumb Code    38  tim.o(i.pwm_start)
    pwm_stop                                 0x080031f5   Thumb Code    20  tim.o(i.pwm_stop)
    set_counter_pin_interrupt                0x0800320d   Thumb Code    20  gpio.o(i.set_counter_pin_interrupt)
    set_fan_speed                            0x08003225   Thumb Code    66  tim.o(i.set_fan_speed)
    task0_AdSample                           0x08003271   Thumb Code   384  adc.o(i.task0_AdSample)
    task1_PowerControl                       0x0800342d   Thumb Code    34  heater.o(i.task1_PowerControl)
    task2_UartReceive                        0x08003459   Thumb Code   164  usart.o(i.task2_UartReceive)
    task3_UartSend                           0x08003511   Thumb Code   110  usart.o(i.task3_UartSend)
    task4_PeripheralControl                  0x08003591   Thumb Code    14  gpio.o(i.task4_PeripheralControl)
    task5_ErrorHandle                        0x080035a5   Thumb Code    14  usart.o(i.task5_ErrorHandle)
    task_countdown                           0x080035c1   Thumb Code    30  event.o(i.task_countdown)
    task_scheduler                           0x080035e9   Thumb Code    58  event.o(i.task_scheduler)
    aAPBAHBPrescTable                        0x0800362c   Data          16  stm32f0xx_hal_rcc.o(.constdata)
    Region$$Table$$Base                      0x0800363c   Number         0  anon$$obj.o(Region$$Table)
    Region$$Table$$Limit                     0x0800365c   Number         0  anon$$obj.o(Region$$Table)
    SystemCoreClock                          0x20000004   Data           4  system_stm32f0xx.o(.data)
    rx_len                                   0x20000022   Data           1  global_variable.o(.data)
    flag_rx                                  0x20000023   Data           1  global_variable.o(.data)
    flag_closepower                          0x20000024   Data           1  global_variable.o(.data)
    flag_throttle                            0x20000025   Data           1  global_variable.o(.data)
    heatstep                                 0x20000026   Data           1  global_variable.o(.data)
    counter_syntony                          0x20000027   Data           1  global_variable.o(.data)
    ad_voltage                               0x20000028   Data           2  global_variable.o(.data)
    ad_current                               0x2000002a   Data           2  global_variable.o(.data)
    ad_sink                                  0x2000002c   Data           2  global_variable.o(.data)
    ad_pan                                   0x2000002e   Data           2  global_variable.o(.data)
    poweroff_delay                           0x20000030   Data           2  global_variable.o(.data)
    pwm_pulse                                0x20000032   Data           2  global_variable.o(.data)
    target_power                             0x20000034   Data           2  global_variable.o(.data)
    pFlash                                   0x20000068   Data          32  stm32f0xx_hal_flash.o(.bss)
    hiwdg                                    0x20000088   Data          20  iwdg.o(.bss)
    cmd                                      0x2000009c   Data          44  usart.o(.bss)
    rsp                                      0x200000c8   Data          28  usart.o(.bss)
    huart1                                   0x20000164   Data         112  usart.o(.bss)
    hdma_usart1_tx                           0x200001d4   Data          56  usart.o(.bss)
    hdma_usart1_rx                           0x2000020c   Data          56  usart.o(.bss)
    hadc                                     0x20000370   Data          76  adc.o(.bss)
    hdma_adc                                 0x200003bc   Data          56  adc.o(.bss)
    htim1                                    0x20000434   Data          60  tim.o(.bss)
    htim14                                   0x20000470   Data          60  tim.o(.bss)
    txdata                                   0x200004ac   Data          50  global_variable.o(.bss)
    rxdata                                   0x200004de   Data          50  global_variable.o(.bss)
    task_delay                               0x20000510   Data          12  event.o(.bss)
    Calibration                              0x2000051c   Data          12  flash.o(.bss)
    __initial_sp                             0x20000928   Data           0  startup_stm32f030x6.o(STACK)



==============================================================================

Memory Map of the image

  Image Entry point : 0x080000b1

  Load Region LR_IROM1 (Base: 0x08000000, Size: 0x000036c0, Max: 0x00004000, ABSOLUTE)

    Execution Region ER_IROM1 (Base: 0x08000000, Size: 0x0000365c, Max: 0x00004000, ABSOLUTE)

    Base Addr    Size         Type   Attr      Idx    E Section Name        Object

    0x08000000   0x000000b0   Data   RO         3249    RESET               startup_stm32f030x6.o
    0x080000b0   0x00000000   Code   RO         3254  * .ARM.Collect$$$$00000000  mc_p.l(entry.o)
    0x080000b0   0x00000004   Code   RO         3265    .ARM.Collect$$$$00000001  mc_p.l(entry2.o)
    0x080000b4   0x00000004   Code   RO         3268    .ARM.Collect$$$$00000004  mc_p.l(entry5.o)
    0x080000b8   0x00000000   Code   RO         3270    .ARM.Collect$$$$00000008  mc_p.l(entry7b.o)
    0x080000b8   0x00000000   Code   RO         3272    .ARM.Collect$$$$0000000A  mc_p.l(entry8b.o)
    0x080000b8   0x00000008   Code   RO         3273    .ARM.Collect$$$$0000000B  mc_p.l(entry9a.o)
    0x080000c0   0x00000000   Code   RO         3275    .ARM.Collect$$$$0000000D  mc_p.l(entry10a.o)
    0x080000c0   0x00000000   Code   RO         3277    .ARM.Collect$$$$0000000F  mc_p.l(entry11a.o)
    0x080000c0   0x00000004   Code   RO         3266    .ARM.Collect$$$$00002712  mc_p.l(entry2.o)
    0x080000c4   0x0000001c   Code   RO         3250    .text               startup_stm32f030x6.o
    0x080000e0   0x0000002c   Code   RO         3257    .text               mc_p.l(uidiv.o)
    0x0800010c   0x00000028   Code   RO         3259    .text               mc_p.l(idiv.o)
    0x08000134   0x00000022   Code   RO         3261    .text               mc_p.l(llushr.o)
    0x08000156   0x00000002   PAD
    0x08000158   0x00000024   Code   RO         3279    .text               mc_p.l(init.o)
    0x0800017c   0x0000006c   Code   RO         1034    i.ADC_DMAConvCplt   stm32f0xx_hal_adc.o
    0x080001e8   0x0000001a   Code   RO         1035    i.ADC_DMAError      stm32f0xx_hal_adc.o
    0x08000202   0x0000000a   Code   RO         1036    i.ADC_DMAHalfConvCplt  stm32f0xx_hal_adc.o
    0x0800020c   0x00000084   Code   RO         1038    i.ADC_Enable        stm32f0xx_hal_adc.o
    0x08000290   0x00000010   Code   RO         2646    i.DMA1_Channel1_IRQHandler  stm32f0xx_it.o
    0x080002a0   0x00000018   Code   RO         2647    i.DMA1_Channel2_3_IRQHandler  stm32f0xx_it.o
    0x080002b8   0x0000001e   Code   RO          634    i.DMA_SetConfig     stm32f0xx_hal_dma.o
    0x080002d6   0x0000001c   Code   RO         2648    i.EXTI4_15_IRQHandler  stm32f0xx_it.o
    0x080002f2   0x00000002   PAD
    0x080002f4   0x00000010   Code   RO         2742    i.ErrorReport       usart.o
    0x08000304   0x00000002   Code   RO         2915    i.Error_Handler     main.o
    0x08000306   0x00000002   PAD
    0x08000308   0x00000024   Code   RO         1247    i.FLASH_MassErase   stm32f0xx_hal_flash_ex.o
    0x0800032c   0x00000024   Code   RO         1250    i.FLASH_PageErase   stm32f0xx_hal_flash_ex.o
    0x08000350   0x00000020   Code   RO         1862    i.FLASH_Program_HalfWord  stm32f0xx_hal_flash.o
    0x08000370   0x00000030   Code   RO         1863    i.FLASH_SetErrorCode  stm32f0xx_hal_flash.o
    0x080003a0   0x00000050   Code   RO         1864    i.FLASH_WaitForLastOperation  stm32f0xx_hal_flash.o
    0x080003f0   0x00000094   Code   RO         1013    i.HAL_ADCEx_Calibration_Start  stm32f0xx_hal_adc_ex.o
    0x08000484   0x00000110   Code   RO         1040    i.HAL_ADC_ConfigChannel  stm32f0xx_hal_adc.o
    0x08000594   0x00000002   Code   RO         1041    i.HAL_ADC_ConvCpltCallback  stm32f0xx_hal_adc.o
    0x08000596   0x00000002   Code   RO         1042    i.HAL_ADC_ConvHalfCpltCallback  stm32f0xx_hal_adc.o
    0x08000598   0x00000002   Code   RO         1044    i.HAL_ADC_ErrorCallback  stm32f0xx_hal_adc.o
    0x0800059a   0x00000002   PAD
    0x0800059c   0x00000174   Code   RO         1049    i.HAL_ADC_Init      stm32f0xx_hal_adc.o
    0x08000710   0x00000074   Code   RO         2850    i.HAL_ADC_MspInit   adc.o
    0x08000784   0x000000a0   Code   RO         1056    i.HAL_ADC_Start_DMA  stm32f0xx_hal_adc.o
    0x08000824   0x0000004c   Code   RO          635    i.HAL_DMA_Abort     stm32f0xx_hal_dma.o
    0x08000870   0x000001dc   Code   RO          639    i.HAL_DMA_IRQHandler  stm32f0xx_hal_dma.o
    0x08000a4c   0x00000054   Code   RO          640    i.HAL_DMA_Init      stm32f0xx_hal_dma.o
    0x08000aa0   0x0000004e   Code   RO          643    i.HAL_DMA_Start_IT  stm32f0xx_hal_dma.o
    0x08000aee   0x00000002   PAD
    0x08000af0   0x000000a0   Code   RO         1251    i.HAL_FLASHEx_Erase  stm32f0xx_hal_flash_ex.o
    0x08000b90   0x00000014   Code   RO         1868    i.HAL_FLASH_Lock    stm32f0xx_hal_flash.o
    0x08000ba4   0x0000007c   Code   RO         1873    i.HAL_FLASH_Program  stm32f0xx_hal_flash.o
    0x08000c20   0x00000024   Code   RO         1875    i.HAL_FLASH_Unlock  stm32f0xx_hal_flash.o
    0x08000c44   0x00000060   Code   RO         2649    i.HAL_GPIO_EXTI_Callback  stm32f0xx_it.o
    0x08000ca4   0x00000018   Code   RO          953    i.HAL_GPIO_EXTI_IRQHandler  stm32f0xx_hal_gpio.o
    0x08000cbc   0x00000148   Code   RO          954    i.HAL_GPIO_Init     stm32f0xx_hal_gpio.o
    0x08000e04   0x0000000c   Code   RO          958    i.HAL_GPIO_WritePin  stm32f0xx_hal_gpio.o
    0x08000e10   0x0000000c   Code   RO          716    i.HAL_GetTick       stm32f0xx_hal.o
    0x08000e1c   0x000000ac   Code   RO         1319    i.HAL_IWDG_Init     stm32f0xx_hal_iwdg.o
    0x08000ec8   0x00000002   Code   RO         1320    i.HAL_IWDG_MspInit  stm32f0xx_hal_iwdg.o
    0x08000eca   0x00000002   PAD
    0x08000ecc   0x00000054   Code   RO         1321    i.HAL_IWDG_Refresh  stm32f0xx_hal_iwdg.o
    0x08000f20   0x00000078   Code   RO         1322    i.HAL_IWDG_Start    stm32f0xx_hal_iwdg.o
    0x08000f98   0x00000010   Code   RO          717    i.HAL_IncTick       stm32f0xx_hal.o
    0x08000fa8   0x00000020   Code   RO          718    i.HAL_Init          stm32f0xx_hal.o
    0x08000fc8   0x00000022   Code   RO          719    i.HAL_InitTick      stm32f0xx_hal.o
    0x08000fea   0x00000002   PAD
    0x08000fec   0x00000038   Code   RO         2895    i.HAL_MspInit       stm32f0xx_hal_msp.o
    0x08001024   0x00000014   Code   RO          826    i.HAL_NVIC_DisableIRQ  stm32f0xx_hal_cortex.o
    0x08001038   0x00000014   Code   RO          827    i.HAL_NVIC_EnableIRQ  stm32f0xx_hal_cortex.o
    0x0800104c   0x00000008   Code   RO          831    i.HAL_NVIC_SetPriority  stm32f0xx_hal_cortex.o
    0x08001054   0x000000c4   Code   RO          921    i.HAL_RCCEx_PeriphCLKConfig  stm32f0xx_hal_rcc_ex.o
    0x08001118   0x00000110   Code   RO         1363    i.HAL_RCC_ClockConfig  stm32f0xx_hal_rcc.o
    0x08001228   0x00000028   Code   RO         1368    i.HAL_RCC_GetHCLKFreq  stm32f0xx_hal_rcc.o
    0x08001250   0x00000020   Code   RO         1370    i.HAL_RCC_GetPCLK1Freq  stm32f0xx_hal_rcc.o
    0x08001270   0x00000078   Code   RO         1371    i.HAL_RCC_GetSysClockFreq  stm32f0xx_hal_rcc.o
    0x080012e8   0x00000388   Code   RO         1374    i.HAL_RCC_OscConfig  stm32f0xx_hal_rcc.o
    0x08001670   0x00000018   Code   RO          833    i.HAL_SYSTICK_CLKSourceConfig  stm32f0xx_hal_cortex.o
    0x08001688   0x00000002   Code   RO          834    i.HAL_SYSTICK_Callback  stm32f0xx_hal_cortex.o
    0x0800168a   0x00000002   PAD
    0x0800168c   0x00000030   Code   RO          835    i.HAL_SYSTICK_Config  stm32f0xx_hal_cortex.o
    0x080016bc   0x00000008   Code   RO          836    i.HAL_SYSTICK_IRQHandler  stm32f0xx_hal_cortex.o
    0x080016c4   0x0000003c   Code   RO            5    i.HAL_TIMEx_ConfigBreakDeadTime  stm32f0xx_hal_tim_ex.o
    0x08001700   0x00000048   Code   RO           20    i.HAL_TIMEx_MasterConfigSynchronization  stm32f0xx_hal_tim_ex.o
    0x08001748   0x00000026   Code   RO           31    i.HAL_TIMEx_PWMN_Start  stm32f0xx_hal_tim_ex.o
    0x0800176e   0x00000002   PAD
    0x08001770   0x0000004c   Code   RO           34    i.HAL_TIMEx_PWMN_Stop  stm32f0xx_hal_tim_ex.o
    0x080017bc   0x00000034   Code   RO         1963    i.HAL_TIM_Base_Init  stm32f0xx_hal_tim.o
    0x080017f0   0x00000060   Code   RO         3007    i.HAL_TIM_Base_MspInit  tim.o
    0x08001850   0x000000ee   Code   RO         1972    i.HAL_TIM_ConfigClockSource  stm32f0xx_hal_tim.o
    0x0800193e   0x00000002   PAD
    0x08001940   0x00000060   Code   RO         3008    i.HAL_TIM_MspPostInit  tim.o
    0x080019a0   0x000000d0   Code   RO         2029    i.HAL_TIM_PWM_ConfigChannel  stm32f0xx_hal_tim.o
    0x08001a70   0x00000034   Code   RO         2032    i.HAL_TIM_PWM_Init  stm32f0xx_hal_tim.o
    0x08001aa4   0x00000002   Code   RO         2034    i.HAL_TIM_PWM_MspInit  stm32f0xx_hal_tim.o
    0x08001aa6   0x00000002   PAD
    0x08001aa8   0x00000044   Code   RO         2036    i.HAL_TIM_PWM_Start  stm32f0xx_hal_tim.o
    0x08001aec   0x0000006c   Code   RO         2039    i.HAL_TIM_PWM_Stop  stm32f0xx_hal_tim.o
    0x08001b58   0x00000022   Code   RO         2744    i.HAL_UART_DMA_RX_Stop  usart.o
    0x08001b7a   0x00000002   Code   RO          370    i.HAL_UART_ErrorCallback  stm32f0xx_hal_uart.o
    0x08001b7c   0x000000c8   Code   RO          604    i.HAL_UART_IRQHandler  stm32f0xx_hal_uart_ex.o
    0x08001c44   0x0000006c   Code   RO          373    i.HAL_UART_Init     stm32f0xx_hal_uart.o
    0x08001cb0   0x000000b4   Code   RO         2746    i.HAL_UART_MspInit  usart.o
    0x08001d64   0x00000084   Code   RO          377    i.HAL_UART_Receive_DMA  stm32f0xx_hal_uart.o
    0x08001de8   0x00000002   Code   RO          379    i.HAL_UART_RxCpltCallback  stm32f0xx_hal_uart.o
    0x08001dea   0x00000002   Code   RO          380    i.HAL_UART_RxHalfCpltCallback  stm32f0xx_hal_uart.o
    0x08001dec   0x0000008c   Code   RO          382    i.HAL_UART_Transmit_DMA  stm32f0xx_hal_uart.o
    0x08001e78   0x00000002   Code   RO          384    i.HAL_UART_TxCpltCallback  stm32f0xx_hal_uart.o
    0x08001e7a   0x00000002   Code   RO          385    i.HAL_UART_TxHalfCpltCallback  stm32f0xx_hal_uart.o
    0x08001e7c   0x0000012c   Code   RO         2747    i.InstructionDecode  usart.o
    0x08001fa8   0x00000024   Code   RO         2748    i.InstructionExecute  usart.o
    0x08001fcc   0x000000a4   Code   RO         2851    i.MX_ADC_Init       adc.o
    0x08002070   0x00000040   Code   RO         2623    i.MX_DMA_Init       dma.o
    0x080020b0   0x0000009c   Code   RO         2947    i.MX_GPIO_Init      gpio.o
    0x0800214c   0x0000002c   Code   RO         2716    i.MX_IWDG_Init      iwdg.o
    0x08002178   0x00000064   Code   RO         3009    i.MX_TIM14_Init     tim.o
    0x080021dc   0x000000c8   Code   RO         3010    i.MX_TIM1_Init      tim.o
    0x080022a4   0x00000058   Code   RO         2749    i.MX_USART1_UART_Init  usart.o
    0x080022fc   0x00000044   Code   RO          837    i.NVIC_SetPriority  stm32f0xx_hal_cortex.o
    0x08002340   0x00000050   Code   RO         2750    i.Parameters_Init   usart.o
    0x08002390   0x0000005c   Code   RO         2751    i.PostToTxdata      usart.o
    0x080023ec   0x0000000c   Code   RO         3209    i.ReadFlashCurrentCalibration  flash.o
    0x080023f8   0x0000000c   Code   RO         3210    i.ReadFlashVoltageCalibration  flash.o
    0x08002404   0x0000000c   Code   RO         2949    i.SetPowerBus       gpio.o
    0x08002410   0x00000044   Code   RO         2650    i.SysTick_Handler   stm32f0xx_it.o
    0x08002454   0x0000007e   Code   RO         2916    i.SystemClock_Config  main.o
    0x080024d2   0x00000002   PAD
    0x080024d4   0x0000005c   Code   RO         2591    i.SystemInit        system_stm32f0xx.o
    0x08002530   0x00000074   Code   RO         2047    i.TIM_Base_SetConfig  stm32f0xx_hal_tim.o
    0x080025a4   0x00000016   Code   RO         2048    i.TIM_CCxChannelCmd  stm32f0xx_hal_tim.o
    0x080025ba   0x00000016   Code   RO           39    i.TIM_CCxNChannelCmd  stm32f0xx_hal_tim_ex.o
    0x080025d0   0x00000016   Code   RO         2054    i.TIM_ETR_SetConfig  stm32f0xx_hal_tim.o
    0x080025e6   0x00000010   Code   RO         2055    i.TIM_ITRx_SetConfig  stm32f0xx_hal_tim.o
    0x080025f6   0x00000002   PAD
    0x080025f8   0x00000078   Code   RO         2056    i.TIM_OC1_SetConfig  stm32f0xx_hal_tim.o
    0x08002670   0x00000074   Code   RO         2057    i.TIM_OC2_SetConfig  stm32f0xx_hal_tim.o
    0x080026e4   0x00000078   Code   RO         2058    i.TIM_OC3_SetConfig  stm32f0xx_hal_tim.o
    0x0800275c   0x00000060   Code   RO         2059    i.TIM_OC4_SetConfig  stm32f0xx_hal_tim.o
    0x080027bc   0x00000022   Code   RO         2061    i.TIM_TI1_ConfigInputStage  stm32f0xx_hal_tim.o
    0x080027de   0x00000026   Code   RO         2063    i.TIM_TI2_ConfigInputStage  stm32f0xx_hal_tim.o
    0x08002804   0x000000ca   Code   RO          386    i.UART_AdvFeatureConfig  stm32f0xx_hal_uart.o
    0x080028ce   0x00000010   Code   RO          387    i.UART_CheckIdleState  stm32f0xx_hal_uart.o
    0x080028de   0x00000022   Code   RO          388    i.UART_DMAError     stm32f0xx_hal_uart.o
    0x08002900   0x00000036   Code   RO          389    i.UART_DMAReceiveCplt  stm32f0xx_hal_uart.o
    0x08002936   0x0000000a   Code   RO          390    i.UART_DMARxHalfCplt  stm32f0xx_hal_uart.o
    0x08002940   0x00000030   Code   RO          391    i.UART_DMATransmitCplt  stm32f0xx_hal_uart.o
    0x08002970   0x0000000a   Code   RO          392    i.UART_DMATxHalfCplt  stm32f0xx_hal_uart.o
    0x0800297a   0x00000026   Code   RO          393    i.UART_EndTransmit_IT  stm32f0xx_hal_uart.o
    0x080029a0   0x0000008e   Code   RO          394    i.UART_Receive_IT   stm32f0xx_hal_uart.o
    0x08002a2e   0x00000002   PAD
    0x08002a30   0x00000108   Code   RO          395    i.UART_SetConfig    stm32f0xx_hal_uart.o
    0x08002b38   0x0000006e   Code   RO          396    i.UART_Transmit_IT  stm32f0xx_hal_uart.o
    0x08002ba6   0x00000002   PAD
    0x08002ba8   0x00000040   Code   RO         2651    i.USART1_IRQHandler  stm32f0xx_it.o
    0x08002be8   0x00000054   Code   RO         3211    i.WriteFlashCurrentCalibration  flash.o
    0x08002c3c   0x00000054   Code   RO         3212    i.WriteFlashVoltageCalibration  flash.o
    0x08002c90   0x0000001a   Code   RO         2582    i.__ARM_common_switch8  stm32f0xx_hal_tim.o
    0x08002caa   0x0000000e   Code   RO         3283    i.__scatterload_copy  mc_p.l(handlers.o)
    0x08002cb8   0x00000002   Code   RO         3284    i.__scatterload_null  mc_p.l(handlers.o)
    0x08002cba   0x0000000e   Code   RO         3285    i.__scatterload_zeroinit  mc_p.l(handlers.o)
    0x08002cc8   0x0000009c   Code   RO         3104    i.heat_adjust       heater.o
    0x08002d64   0x0000003c   Code   RO         3105    i.heat_process      heater.o
    0x08002da0   0x000000e8   Code   RO         3106    i.heat_protect      heater.o
    0x08002e88   0x00000068   Code   RO         3107    i.heat_start        heater.o
    0x08002ef0   0x0000002c   Code   RO         3108    i.heat_stop_with_off_delay  heater.o
    0x08002f1c   0x0000002c   Code   RO         3109    i.heat_stop_with_on_delay  heater.o
    0x08002f48   0x0000006c   Code   RO         3110    i.load_check        heater.o
    0x08002fb4   0x00000060   Code   RO         3111    i.load_test         heater.o
    0x08003014   0x0000006c   Code   RO         2917    i.main              main.o
    0x08003080   0x000000c8   Code   RO         3112    i.power_handle      heater.o
    0x08003148   0x00000038   Code   RO         2951    i.powerbus_control  gpio.o
    0x08003180   0x00000048   Code   RO         3011    i.pwm_pulse_set     tim.o
    0x080031c8   0x0000002c   Code   RO         3012    i.pwm_start         tim.o
    0x080031f4   0x00000018   Code   RO         3013    i.pwm_stop          tim.o
    0x0800320c   0x00000018   Code   RO         2952    i.set_counter_pin_interrupt  gpio.o
    0x08003224   0x0000004c   Code   RO         3014    i.set_fan_speed     tim.o
    0x08003270   0x000001bc   Code   RO         2852    i.task0_AdSample    adc.o
    0x0800342c   0x0000002c   Code   RO         3113    i.task1_PowerControl  heater.o
    0x08003458   0x000000b8   Code   RO         2752    i.task2_UartReceive  usart.o
    0x08003510   0x00000080   Code   RO         2753    i.task3_UartSend    usart.o
    0x08003590   0x00000014   Code   RO         2953    i.task4_PeripheralControl  gpio.o
    0x080035a4   0x0000001c   Code   RO         2754    i.task5_ErrorHandle  usart.o
    0x080035c0   0x00000028   Code   RO         3179    i.task_countdown    event.o
    0x080035e8   0x00000044   Code   RO         3180    i.task_scheduler    event.o
    0x0800362c   0x00000010   Data   RO         1375    .constdata          stm32f0xx_hal_rcc.o
    0x0800363c   0x00000020   Data   RO         3281    Region$$Table       anon$$obj.o


    Execution Region RW_IRAM1 (Base: 0x20000000, Size: 0x00000928, Max: 0x00001000, ABSOLUTE)

    Base Addr    Size         Type   Attr      Idx    E Section Name        Object

    0x20000000   0x00000004   Data   RW          724    .data               stm32f0xx_hal.o
    0x20000004   0x00000004   Data   RW         2593    .data               system_stm32f0xx.o
    0x20000008   0x00000002   Data   RW         2652    .data               stm32f0xx_it.o
    0x2000000a   0x00000003   Data   RW         2756    .data               usart.o
    0x2000000d   0x00000003   PAD
    0x20000010   0x0000000c   Data   RW         2854    .data               adc.o
    0x2000001c   0x00000006   Data   RW         2954    .data               gpio.o
    0x20000022   0x00000001   Data   RW         3081    .data               global_variable.o
    0x20000023   0x00000001   Data   RW         3082    .data               global_variable.o
    0x20000024   0x00000001   Data   RW         3083    .data               global_variable.o
    0x20000025   0x00000001   Data   RW         3084    .data               global_variable.o
    0x20000026   0x00000001   Data   RW         3085    .data               global_variable.o
    0x20000027   0x00000001   Data   RW         3086    .data               global_variable.o
    0x20000028   0x00000002   Data   RW         3087    .data               global_variable.o
    0x2000002a   0x00000002   Data   RW         3088    .data               global_variable.o
    0x2000002c   0x00000002   Data   RW         3089    .data               global_variable.o
    0x2000002e   0x00000002   Data   RW         3090    .data               global_variable.o
    0x20000030   0x00000002   Data   RW         3091    .data               global_variable.o
    0x20000032   0x00000002   Data   RW         3092    .data               global_variable.o
    0x20000034   0x00000002   Data   RW         3093    .data               global_variable.o
    0x20000036   0x00000012   Data   RW         3114    .data               heater.o
    0x20000048   0x0000001c   Data   RW         3182    .data               event.o
    0x20000064   0x00000004   PAD
    0x20000068   0x00000020   Zero   RW         1876    .bss                stm32f0xx_hal_flash.o
    0x20000088   0x00000014   Zero   RW         2717    .bss                iwdg.o
    0x2000009c   0x000001a8   Zero   RW         2755    .bss                usart.o
    0x20000244   0x000001f0   Zero   RW         2853    .bss                adc.o
    0x20000434   0x00000078   Zero   RW         3015    .bss                tim.o
    0x200004ac   0x00000032   Zero   RW         3079    .bss                global_variable.o
    0x200004de   0x00000032   Zero   RW         3080    .bss                global_variable.o
    0x20000510   0x0000000c   Zero   RW         3181    .bss                event.o
    0x2000051c   0x0000000c   Zero   RW         3213    .bss                flash.o
    0x20000528   0x00000400   Zero   RW         3247    STACK               startup_stm32f030x6.o


==============================================================================

Image component sizes


      Code (inc. data)   RO Data    RW Data    ZI Data      Debug   Object Name

       724         84          0         12        496       3307   adc.o
        64          6          0          0          0        750   dma.o
       108         20          0         28         12       1663   event.o
       192         40          0          0         12       2994   flash.o
         0          0          0         20        100       1117   global_variable.o
       268         38          0          6          0       3183   gpio.o
      1088        180          0         18          0       6429   heater.o
        44         12          0          0         20        671   iwdg.o
       236         12          0          0          0       2173   main.o
        28          8        176          0       1024        596   startup_stm32f030x6.o
        94         18          0          4          0       3106   stm32f0xx_hal.o
      1086         56          0          0          0       7681   stm32f0xx_hal_adc.o
       148          0          0          0          0       1330   stm32f0xx_hal_adc_ex.o
       198         34          0          0          0      11221   stm32f0xx_hal_cortex.o
       744         12          0          0          0       4291   stm32f0xx_hal_dma.o
       340         56          0          0         32       4726   stm32f0xx_hal_flash.o
       232         30          0          0          0       3125   stm32f0xx_hal_flash_ex.o
       364         32          0          0          0       2943   stm32f0xx_hal_gpio.o
       378         28          0          0          0       3319   stm32f0xx_hal_iwdg.o
        56          6          0          0          0        834   stm32f0xx_hal_msp.o
      1368         92         16          0          0       5337   stm32f0xx_hal_rcc.o
       196         14          0          0          0       1312   stm32f0xx_hal_rcc_ex.o
      1454        102          0          0          0      12853   stm32f0xx_hal_tim.o
       268         10          0          0          0     200781   stm32f0xx_hal_tim_ex.o
      1318         40          0          0          0      12966   stm32f0xx_hal_uart.o
       200          0          0          0          0       1202   stm32f0xx_hal_uart_ex.o
       296         56          0          2          0       5794   stm32f0xx_it.o
        92         14          0          4          0       1349   system_stm32f0xx.o
       708         80          0          0        120       5210   tim.o
      1166        126          0          3        424      10270   usart.o

    ----------------------------------------------------------------------
     13486       1206        224        100       2244     322533   Object Totals
         0          0         32          0          0          0   (incl. Generated)
        28          0          0          3          4          0   (incl. Padding)

    ----------------------------------------------------------------------

      Code (inc. data)   RO Data    RW Data    ZI Data      Debug   Library Member Name

         0          0          0          0          0          0   entry.o
         0          0          0          0          0          0   entry10a.o
         0          0          0          0          0          0   entry11a.o
         8          4          0          0          0          0   entry2.o
         4          0          0          0          0          0   entry5.o
         0          0          0          0          0          0   entry7b.o
         0          0          0          0          0          0   entry8b.o
         8          4          0          0          0          0   entry9a.o
        30          0          0          0          0          0   handlers.o
        40          0          0          0          0         72   idiv.o
        36          8          0          0          0         68   init.o
        34          0          0          0          0         68   llushr.o
        44          0          0          0          0         72   uidiv.o

    ----------------------------------------------------------------------
       206         16          0          0          0        280   Library Totals
         2          0          0          0          0          0   (incl. Padding)

    ----------------------------------------------------------------------

      Code (inc. data)   RO Data    RW Data    ZI Data      Debug   Library Name

       204         16          0          0          0        280   mc_p.l

    ----------------------------------------------------------------------
       206         16          0          0          0        280   Library Totals

    ----------------------------------------------------------------------

==============================================================================


      Code (inc. data)   RO Data    RW Data    ZI Data      Debug   

     13692       1222        224        100       2244     316541   Grand Totals
     13692       1222        224        100       2244     316541   ELF Image Totals
     13692       1222        224        100          0          0   ROM Totals

==============================================================================

    Total RO  Size (Code + RO Data)                13916 (  13.59kB)
    Total RW  Size (RW Data + ZI Data)              2344 (   2.29kB)
    Total ROM Size (Code + RO Data + RW Data)      14016 (  13.69kB)

==============================================================================

